Archive member included to satisfy reference by file (symbol)

/usr/lib/gcc/arm-none-eabi/13.2.0/../../../../arm-none-eabi/lib/thumb/v7e-m+fp/hard/libstdc++.a(class_type_info.o)
                              build/concrete_interrupt_handlers.o (vtable for __cxxabiv1::__class_type_info)
/usr/lib/gcc/arm-none-eabi/13.2.0/../../../../arm-none-eabi/lib/thumb/v7e-m+fp/hard/libstdc++.a(del_ops.o)
                              /usr/lib/gcc/arm-none-eabi/13.2.0/../../../../arm-none-eabi/lib/thumb/v7e-m+fp/hard/libstdc++.a(class_type_info.o) (operator delete(void*, unsigned int))
/usr/lib/gcc/arm-none-eabi/13.2.0/../../../../arm-none-eabi/lib/thumb/v7e-m+fp/hard/libstdc++.a(si_class_type_info.o)
                              build/concrete_interrupt_handlers.o (vtable for __cxxabiv1::__si_class_type_info)
/usr/lib/gcc/arm-none-eabi/13.2.0/../../../../arm-none-eabi/lib/thumb/v7e-m+fp/hard/libstdc++.a(tinfo.o)
                              /usr/lib/gcc/arm-none-eabi/13.2.0/../../../../arm-none-eabi/lib/thumb/v7e-m+fp/hard/libstdc++.a(class_type_info.o) (std::type_info::~type_info())
/usr/lib/gcc/arm-none-eabi/13.2.0/../../../../arm-none-eabi/lib/thumb/v7e-m+fp/hard/libstdc++.a(del_op.o)
                              /usr/lib/gcc/arm-none-eabi/13.2.0/../../../../arm-none-eabi/lib/thumb/v7e-m+fp/hard/libstdc++.a(del_ops.o) (operator delete(void*))
/usr/lib/gcc/arm-none-eabi/13.2.0/../../../../arm-none-eabi/lib/thumb/v7e-m+fp/hard/libm.a(libm_a-s_sin.o)
                              build/audio_test.o (sin)
/usr/lib/gcc/arm-none-eabi/13.2.0/../../../../arm-none-eabi/lib/thumb/v7e-m+fp/hard/libm.a(libm_a-k_cos.o)
                              /usr/lib/gcc/arm-none-eabi/13.2.0/../../../../arm-none-eabi/lib/thumb/v7e-m+fp/hard/libm.a(libm_a-s_sin.o) (__kernel_cos)
/usr/lib/gcc/arm-none-eabi/13.2.0/../../../../arm-none-eabi/lib/thumb/v7e-m+fp/hard/libm.a(libm_a-k_sin.o)
                              /usr/lib/gcc/arm-none-eabi/13.2.0/../../../../arm-none-eabi/lib/thumb/v7e-m+fp/hard/libm.a(libm_a-s_sin.o) (__kernel_sin)
/usr/lib/gcc/arm-none-eabi/13.2.0/../../../../arm-none-eabi/lib/thumb/v7e-m+fp/hard/libm.a(libm_a-e_rem_pio2.o)
                              /usr/lib/gcc/arm-none-eabi/13.2.0/../../../../arm-none-eabi/lib/thumb/v7e-m+fp/hard/libm.a(libm_a-s_sin.o) (__ieee754_rem_pio2)
/usr/lib/gcc/arm-none-eabi/13.2.0/../../../../arm-none-eabi/lib/thumb/v7e-m+fp/hard/libm.a(libm_a-s_fabs.o)
                              /usr/lib/gcc/arm-none-eabi/13.2.0/../../../../arm-none-eabi/lib/thumb/v7e-m+fp/hard/libm.a(libm_a-e_rem_pio2.o) (fabs)
/usr/lib/gcc/arm-none-eabi/13.2.0/../../../../arm-none-eabi/lib/thumb/v7e-m+fp/hard/libm.a(libm_a-k_rem_pio2.o)
                              /usr/lib/gcc/arm-none-eabi/13.2.0/../../../../arm-none-eabi/lib/thumb/v7e-m+fp/hard/libm.a(libm_a-e_rem_pio2.o) (__kernel_rem_pio2)
/usr/lib/gcc/arm-none-eabi/13.2.0/../../../../arm-none-eabi/lib/thumb/v7e-m+fp/hard/libm.a(libm_a-s_scalbn.o)
                              /usr/lib/gcc/arm-none-eabi/13.2.0/../../../../arm-none-eabi/lib/thumb/v7e-m+fp/hard/libm.a(libm_a-k_rem_pio2.o) (scalbn)
/usr/lib/gcc/arm-none-eabi/13.2.0/../../../../arm-none-eabi/lib/thumb/v7e-m+fp/hard/libm.a(libm_a-s_floor.o)
                              /usr/lib/gcc/arm-none-eabi/13.2.0/../../../../arm-none-eabi/lib/thumb/v7e-m+fp/hard/libm.a(libm_a-k_rem_pio2.o) (floor)
/usr/lib/gcc/arm-none-eabi/13.2.0/../../../../arm-none-eabi/lib/thumb/v7e-m+fp/hard/libc.a(libc_a-atexit.o)
                              /usr/lib/gcc/arm-none-eabi/13.2.0/../../../../arm-none-eabi/lib/thumb/v7e-m+fp/hard/crt0.o (atexit)
/usr/lib/gcc/arm-none-eabi/13.2.0/../../../../arm-none-eabi/lib/thumb/v7e-m+fp/hard/libc.a(libc_a-exit.o)
                              /usr/lib/gcc/arm-none-eabi/13.2.0/../../../../arm-none-eabi/lib/thumb/v7e-m+fp/hard/crt0.o (exit)
/usr/lib/gcc/arm-none-eabi/13.2.0/../../../../arm-none-eabi/lib/thumb/v7e-m+fp/hard/libc.a(libc_a-malloc.o)
                              /usr/lib/gcc/arm-none-eabi/13.2.0/../../../../arm-none-eabi/lib/thumb/v7e-m+fp/hard/libstdc++.a(del_op.o) (free)
/usr/lib/gcc/arm-none-eabi/13.2.0/../../../../arm-none-eabi/lib/thumb/v7e-m+fp/hard/libc.a(libc_a-mallocr.o)
                              /usr/lib/gcc/arm-none-eabi/13.2.0/../../../../arm-none-eabi/lib/thumb/v7e-m+fp/hard/libc.a(libc_a-malloc.o) (_malloc_r)
/usr/lib/gcc/arm-none-eabi/13.2.0/../../../../arm-none-eabi/lib/thumb/v7e-m+fp/hard/libc.a(libc_a-mlock.o)
                              /usr/lib/gcc/arm-none-eabi/13.2.0/../../../../arm-none-eabi/lib/thumb/v7e-m+fp/hard/libc.a(libc_a-mallocr.o) (__malloc_lock)
/usr/lib/gcc/arm-none-eabi/13.2.0/../../../../arm-none-eabi/lib/thumb/v7e-m+fp/hard/libc.a(libc_a-findfp.o)
                              /usr/lib/gcc/arm-none-eabi/13.2.0/../../../../arm-none-eabi/lib/thumb/v7e-m+fp/hard/libc.a(libc_a-exit.o) (__stdio_exit_handler)
/usr/lib/gcc/arm-none-eabi/13.2.0/../../../../arm-none-eabi/lib/thumb/v7e-m+fp/hard/libc.a(libc_a-fwalk.o)
[...]
Memory Configuration

Name             Origin             Length             Attributes
RAM              0x20000000         0x00010000         xrw
FLASH            0x08000000         0x00040000         xr
*default*        0x00000000         0xffffffff

Linker script and memory map

LOAD /usr/lib/gcc/arm-none-eabi/13.2.0/thumb/v7e-m+fp/hard/crti.o
LOAD /usr/lib/gcc/arm-none-eabi/13.2.0/thumb/v7e-m+fp/hard/crtbegin.o
LOAD /usr/lib/gcc/arm-none-eabi/13.2.0/../../../../arm-none-eabi/lib/thumb/v7e-m+fp/hard/crt0.o
LOAD build/audio_test.o
LOAD build/main.o
LOAD build/audio.o
LOAD build/concrete_interrupt_handlers.o
LOAD build/stm32f4xx_hal_msp.o
LOAD build/stm32f4xx_it.o
LOAD build/system_stm32f4xx.o
LOAD build/stm32f4xx_hal.o
LOAD build/stm32f4xx_hal_cortex.o
LOAD build/stm32f4xx_hal_dma.o
LOAD build/stm32f4xx_hal_dma_ex.o
LOAD build/stm32f4xx_hal_exti.o
LOAD build/stm32f4xx_hal_flash.o
LOAD build/stm32f4xx_hal_flash_ex.o
LOAD build/stm32f4xx_hal_flash_ramfunc.o
LOAD build/stm32f4xx_hal_gpio.o
LOAD build/stm32f4xx_hal_i2c.o
LOAD build/stm32f4xx_hal_i2c_ex.o
LOAD build/stm32f4xx_hal_i2s.o
LOAD build/stm32f4xx_hal_i2s_ex.o
LOAD build/stm32f4xx_hal_pwr.o
LOAD build/stm32f4xx_hal_pwr_ex.o
LOAD build/stm32f4xx_hal_rcc.o
LOAD build/stm32f4xx_hal_rcc_ex.o
LOAD build/stm32f4xx_hal_rtc.o
LOAD build/stm32f4xx_hal_rtc_ex.o
LOAD build/stm32f4xx_hal_spi.o
LOAD build/stm32f4xx_hal_tim.o
LOAD build/stm32f4xx_hal_tim_ex.o
LOAD build/stm32f4xx_hal_uart.o
LOAD build/startup_stm32f401xc.o
LOAD /usr/lib/gcc/arm-none-eabi/13.2.0/../../../../arm-none-eabi/lib/thumb/v7e-m+fp/hard/libnosys.a
LOAD /usr/lib/gcc/arm-none-eabi/13.2.0/../../../../arm-none-eabi/lib/thumb/v7e-m+fp/hard/libstdc++.a
LOAD /usr/lib/gcc/arm-none-eabi/13.2.0/../../../../arm-none-eabi/lib/thumb/v7e-m+fp/hard/libm.a
LOAD /usr/lib/gcc/arm-none-eabi/13.2.0/../../../../arm-none-eabi/lib/thumb/v7e-m+fp/hard/libc.a
START GROUP
LOAD /usr/lib/gcc/arm-none-eabi/13.2.0/thumb/v7e-m+fp/hard/libgcc.a
LOAD /usr/lib/gcc/arm-none-eabi/13.2.0/../../../../arm-none-eabi/lib/thumb/v7e-m+fp/hard/libc.a
END GROUP
START GROUP
LOAD /usr/lib/gcc/arm-none-eabi/13.2.0/thumb/v7e-m+fp/hard/libgcc.a
LOAD /usr/lib/gcc/arm-none-eabi/13.2.0/../../../../arm-none-eabi/lib/thumb/v7e-m+fp/hard/libc.a
LOAD /usr/lib/gcc/arm-none-eabi/13.2.0/../../../../arm-none-eabi/lib/thumb/v7e-m+fp/hard/libnosys.a
END GROUP
LOAD /usr/lib/gcc/arm-none-eabi/13.2.0/thumb/v7e-m+fp/hard/crtend.o
LOAD /usr/lib/gcc/arm-none-eabi/13.2.0/thumb/v7e-m+fp/hard/crtn.o
                0x20010000                        _estack = (ORIGIN (RAM) + LENGTH (RAM))
                0x00000200                        _Min_Heap_Size = 0x200
                0x00000400                        _Min_Stack_Size = 0x400

.isr_vector     0x08000000      0x194
                0x08000000                        . = ALIGN (0x4)
 *(.isr_vector)
 .isr_vector    0x08000000      0x194 build/startup_stm32f401xc.o
                0x08000000                g_pfnVectors
                0x08000194                        . = ALIGN (0x4)

.text           0x080001a0     0x6134
                0x080001a0                        . = ALIGN (0x4)
 *(.text)
 .text          0x080001a0      0x2e0 /usr/lib/gcc/arm-none-eabi/13.2.0/../../../../arm-none-eabi/lib/thumb/v7e-m+fp/hard/libc.a(libc_a-strcmp.o)
                0x080001a0                strcmp
 .text          0x08000480      0x378 /usr/lib/gcc/arm-none-eabi/13.2.0/thumb/v7e-m+fp/hard/libgcc.a(_arm_addsubdf3.o)
                0x08000480                __aeabi_drsub
                0x08000488                __aeabi_dsub
                0x08000488                __subdf3
                0x0800048c                __adddf3
                0x0800048c                __aeabi_dadd
                0x08000704                __aeabi_ui2d
                0x08000704                __floatunsidf
                0x08000724                __floatsidf
                0x08000724                __aeabi_i2d
                0x08000748                __extendsfdf2
                0x08000748                __aeabi_f2d
                0x0800078c                __aeabi_ul2d
                0x0800078c                __floatundidf
                0x0800079c                __floatdidf
                0x0800079c                __aeabi_l2d
 .text          0x080007f8      0x424 /usr/lib/gcc/arm-none-eabi/13.2.0/thumb/v7e-m+fp/hard/libgcc.a(_arm_muldivdf3.o)
                0x080007f8                __aeabi_dmul
                0x080007f8                __muldf3
                0x08000a4c                __aeabi_ddiv
                0x08000a4c                __divdf3
 .text          0x08000c1c      0x110 /usr/lib/gcc/arm-none-eabi/13.2.0/thumb/v7e-m+fp/hard/libgcc.a(_arm_cmpdf2.o)
                0x08000c1c                __gtdf2
                0x08000c1c                __gedf2
                0x08000c24                __ltdf2
                0x08000c24                __ledf2
                0x08000c2c                __cmpdf2
                0x08000c2c                __eqdf2
                0x08000c2c                __nedf2
                0x08000ca8                __aeabi_cdrcmple
                0x08000cb8                __aeabi_cdcmple
                0x08000cb8                __aeabi_cdcmpeq
                0x08000cc8                __aeabi_dcmpeq
                0x08000cdc                __aeabi_dcmplt
                0x08000cf0                __aeabi_dcmple
                0x08000d04                __aeabi_dcmpge
                0x08000d18                __aeabi_dcmpgt
 .text          0x08000d2c       0x50 /usr/lib/gcc/arm-none-eabi/13.2.0/thumb/v7e-m+fp/hard/libgcc.a(_arm_fixdfsi.o)
                0x08000d2c                __fixdfsi
                0x08000d2c                __aeabi_d2iz
 .text          0x08000d7c       0x30 /usr/lib/gcc/arm-none-eabi/13.2.0/thumb/v7e-m+fp/hard/libgcc.a(_aeabi_uldivmod.o)
                0x08000d7c                __aeabi_uldivmod
 .text          0x08000dac      0x1ac /usr/lib/gcc/arm-none-eabi/13.2.0/thumb/v7e-m+fp/hard/libgcc.a(libunwind.o)
                0x08000dac                __restore_core_regs
                0x08000dac                restore_core_regs
                0x08000dc4                __gnu_Unwind_Restore_VFP
                0x08000dcc                __gnu_Unwind_Save_VFP
                0x08000dd4                __gnu_Unwind_Restore_VFP_D
                0x08000ddc                __gnu_Unwind_Save_VFP_D
                0x08000de4                __gnu_Unwind_Restore_VFP_D_16_to_31
                0x08000dec                __gnu_Unwind_Save_VFP_D_16_to_31
                0x08000df4                __gnu_Unwind_Restore_WMMXD
                0x08000e38                __gnu_Unwind_Save_WMMXD
                0x08000e7c                __gnu_Unwind_Restore_WMMXC
                0x08000e90                __gnu_Unwind_Save_WMMXC
                0x08000ea4                ___Unwind_RaiseException
                0x08000ea4                _Unwind_RaiseException
                0x08000ec8                ___Unwind_Resume
                0x08000ec8                _Unwind_Resume
                0x08000eec                _Unwind_Resume_or_Rethrow
                0x08000eec                ___Unwind_Resume_or_Rethrow
                0x08000f10                ___Unwind_ForcedUnwind
                0x08000f10                _Unwind_ForcedUnwind
                0x08000f34                _Unwind_Backtrace
                0x08000f34                ___Unwind_Backtrace
 .text          0x08000f58        0x4 /usr/lib/gcc/arm-none-eabi/13.2.0/thumb/v7e-m+fp/hard/libgcc.a(_dvmd_tls.o)
                0x08000f58                __aeabi_ldiv0
                0x08000f58                __aeabi_idiv0
 .text          0x08000f5c      0x134 /usr/lib/gcc/arm-none-eabi/13.2.0/../../../../arm-none-eabi/lib/thumb/v7e-m+fp/hard/libc.a(libc_a-memcpy.o)
                0x08000f5c                memcpy
 *(.text*)
 .text.__do_global_dtors_aux
                0x08001090       0x24 /usr/lib/gcc/arm-none-eabi/13.2.0/thumb/v7e-m+fp/hard/crtbegin.o
 .text.frame_dummy
                0x080010b4       0x1c /usr/lib/gcc/arm-none-eabi/13.2.0/thumb/v7e-m+fp/hard/crtbegin.o
 .text._ZN10audio_test9genBufferER5Audiof
                0x080010d0       0xa0 build/audio_test.o
                0x080010d0                audio_test::genBuffer(Audio&, float)
 .text._ZN10audio_test7runTestER17I2C_HandleTypeDefR19__DMA_HandleTypeDefR9i2sObject
                0x08001170       0x38 build/audio_test.o
                0x08001170                audio_test::runTest(I2C_HandleTypeDef&, __DMA_HandleTypeDef&, i2sObject&)
 .text._ZL12MX_GPIO_Initv
                0x080011a8       0xcc build/main.o
 .text._ZL11MX_DMA_Initv
                0x08001274       0x34 build/main.o
 .text._Z41__static_initialization_and_destruction_0v
                0x080012a8       0x14 build/main.o
 .text.HAL_I2S_TxCpltCallback
                0x080012bc       0x14 build/main.o
                0x080012bc                HAL_I2S_TxCpltCallback
 .text._Z16register_handleriP16InterruptHandler
                0x080012d0        0xc build/main.o
                0x080012d0                register_handler(int, InterruptHandler*)
 .text.Error_Handler
                0x080012dc        0x4 build/main.o
                0x080012dc                Error_Handler
 .text._ZL12MX_I2C1_Initv
                0x080012e0       0x38 build/main.o
 .text._ZL12MX_I2S2_Initv
                0x08001318       0x3c build/main.o
 .text._ZL12MX_SPI1_Initv
                0x08001354       0x40 build/main.o
 .text._ZL19MX_USART1_UART_Initv
                0x08001394       0x38 build/main.o
 .text._ZL11MX_RTC_Initv
                0x080013cc       0xd8 build/main.o
 .text._Z18SystemClock_Configv
                0x080014a4       0xbc build/main.o
                0x080014a4                SystemClock_Config()
 .text.main     0x08001560       0x48 build/main.o
                0x08001560                main
 .text._GLOBAL__sub_I_hi2c1
                0x080015a8        0x8 build/main.o
 .text._ZN5AudioC2ER17I2C_HandleTypeDefR19__DMA_HandleTypeDefR9i2sObject
                0x080015b0       0x12 build/audio.o
                0x080015b0                Audio::Audio(I2C_HandleTypeDef&, __DMA_HandleTypeDef&, i2sObject&)
                0x080015b0                Audio::Audio(I2C_HandleTypeDef&, __DMA_HandleTypeDef&, i2sObject&)
 .text._ZN5Audio4playEv
                0x080015c2       0x2c build/audio.o
                0x080015c2                Audio::play()
 .text._ZN5Audio17getBufferInstanceEv
                0x080015ee        0x2 build/audio.o
                0x080015ee                Audio::getBufferInstance()
 .text._ZN9i2sObject3irqEv
                0x080015f0        0x6 build/concrete_interrupt_handlers.o
                0x080015f0                i2sObject::irq()
 *fill*         0x080015f6        0x2 
 .text._ZN9i2sObjectC2ER19__I2S_HandleTypeDef
                0x080015f8       0x18 build/concrete_interrupt_handlers.o
                0x080015f8                i2sObject::i2sObject(__I2S_HandleTypeDef&)
                0x080015f8                i2sObject::i2sObject(__I2S_HandleTypeDef&)
 .text._ZN9i2sObject13bufferIsEmptyEv
                0x08001610        0x4 build/concrete_interrupt_handlers.o
                0x08001610                i2sObject::bufferIsEmpty()
 .text._ZN9i2sObject18resetIsBufferEmptyEv
                0x08001614        0x6 build/concrete_interrupt_handlers.o
                0x08001614                i2sObject::resetIsBufferEmpty()
 *fill*         0x0800161a        0x2 
 .text.HAL_MspInit
                0x0800161c       0x38 build/stm32f4xx_hal_msp.o
                0x0800161c                HAL_MspInit
 .text.HAL_I2C_MspInit
                0x08001654       0x70 build/stm32f4xx_hal_msp.o
                0x08001654                HAL_I2C_MspInit
 .text.HAL_I2S_MspInit
                0x080016c4       0xd8 build/stm32f4xx_hal_msp.o
                0x080016c4                HAL_I2S_MspInit
 .text.HAL_RTC_MspInit
                0x0800179c       0x58 build/stm32f4xx_hal_msp.o
                0x0800179c                HAL_RTC_MspInit
 .text.HAL_SPI_MspInit
                0x080017f4       0x70 build/stm32f4xx_hal_msp.o
                0x080017f4                HAL_SPI_MspInit
 .text.HAL_UART_MspInit
                0x08001864       0x74 build/stm32f4xx_hal_msp.o
                0x08001864                HAL_UART_MspInit
 .text.NMI_Handler
                0x080018d8        0x2 build/stm32f4xx_it.o
                0x080018d8                NMI_Handler
 .text.HardFault_Handler
                0x080018da        0x2 build/stm32f4xx_it.o
                0x080018da                HardFault_Handler
 .text.MemManage_Handler
                0x080018dc        0x2 build/stm32f4xx_it.o
                0x080018dc                MemManage_Handler
 .text.BusFault_Handler
                0x080018de        0x2 build/stm32f4xx_it.o
                0x080018de                BusFault_Handler
 .text.UsageFault_Handler
                0x080018e0        0x2 build/stm32f4xx_it.o
                0x080018e0                UsageFault_Handler
 .text.SVC_Handler
                0x080018e2        0x2 build/stm32f4xx_it.o
                0x080018e2                SVC_Handler
 .text.DebugMon_Handler
                0x080018e4        0x2 build/stm32f4xx_it.o
                0x080018e4                DebugMon_Handler
 .text.PendSV_Handler
                0x080018e6        0x2 build/stm32f4xx_it.o
                0x080018e6                PendSV_Handler
 .text.SysTick_Handler
                0x080018e8        0x8 build/stm32f4xx_it.o
                0x080018e8                SysTick_Handler
 .text.DMA1_Stream4_IRQHandler
                0x080018f0       0x10 build/stm32f4xx_it.o
                0x080018f0                DMA1_Stream4_IRQHandler
 .text.RTC_Alarm_IRQHandler
                0x08001900       0x10 build/stm32f4xx_it.o
                0x08001900                RTC_Alarm_IRQHandler
 .text.SystemInit
                0x08001910       0x14 build/system_stm32f4xx.o
                0x08001910                SystemInit
 .text.HAL_InitTick
                0x08001924       0x4c build/stm32f4xx_hal.o
                0x08001924                HAL_InitTick
 .text.HAL_Init
                0x08001970       0x34 build/stm32f4xx_hal.o
                0x08001970                HAL_Init
 .text.HAL_IncTick
                0x080019a4       0x18 build/stm32f4xx_hal.o
                0x080019a4                HAL_IncTick
 .text.HAL_GetTick
                0x080019bc        0xc build/stm32f4xx_hal.o
                0x080019bc                HAL_GetTick
 .text.__NVIC_SetPriority
                0x080019c8       0x28 build/stm32f4xx_hal_cortex.o
 .text.NVIC_EncodePriority
                0x080019f0       0x3e build/stm32f4xx_hal_cortex.o
 *fill*         0x08001a2e        0x2 
 .text.HAL_NVIC_SetPriorityGrouping
                0x08001a30       0x24 build/stm32f4xx_hal_cortex.o
                0x08001a30                HAL_NVIC_SetPriorityGrouping
 .text.HAL_NVIC_SetPriority
                0x08001a54       0x20 build/stm32f4xx_hal_cortex.o
                0x08001a54                HAL_NVIC_SetPriority
 .text.HAL_NVIC_EnableIRQ
                0x08001a74       0x1c build/stm32f4xx_hal_cortex.o
                0x08001a74                HAL_NVIC_EnableIRQ
 .text.HAL_SYSTICK_Config
                0x08001a90       0x28 build/stm32f4xx_hal_cortex.o
                0x08001a90                HAL_SYSTICK_Config
 .text.DMA_SetConfig
                0x08001ab8       0x2c build/stm32f4xx_hal_dma.o
 .text.DMA_CalcBaseAndBitshift
                0x08001ae4       0x3c build/stm32f4xx_hal_dma.o
 .text.DMA_CheckFifoParam
                0x08001b20       0x8e build/stm32f4xx_hal_dma.o
 *fill*         0x08001bae        0x2 
 .text.HAL_DMA_Init
                0x08001bb0       0xcc build/stm32f4xx_hal_dma.o
                0x08001bb0                HAL_DMA_Init
 .text.HAL_DMA_Start_IT
                0x08001c7c       0x6a build/stm32f4xx_hal_dma.o
                0x08001c7c                HAL_DMA_Start_IT
 *fill*         0x08001ce6        0x2 
 .text.HAL_DMA_IRQHandler
                0x08001ce8      0x1dc build/stm32f4xx_hal_dma.o
                0x08001ce8                HAL_DMA_IRQHandler
 .text.HAL_GPIO_Init
                0x08001ec4      0x1c8 build/stm32f4xx_hal_gpio.o
                0x08001ec4                HAL_GPIO_Init
 .text.HAL_GPIO_WritePin
                0x0800208c        0xc build/stm32f4xx_hal_gpio.o
                0x0800208c                HAL_GPIO_WritePin
 .text.HAL_I2C_Init
                0x08002098      0x1bc build/stm32f4xx_hal_i2c.o
                0x08002098                HAL_I2C_Init
 .text.HAL_I2S_Init
                0x08002254      0x19c build/stm32f4xx_hal_i2s.o
                0x08002254                HAL_I2S_Init
 .text.HAL_I2S_Transmit_DMA
                0x080023f0       0xdc build/stm32f4xx_hal_i2s.o
                0x080023f0                HAL_I2S_Transmit_DMA
 .text.HAL_I2S_TxHalfCpltCallback
                0x080024cc        0x2 build/stm32f4xx_hal_i2s.o
                0x080024cc                HAL_I2S_TxHalfCpltCallback
 .text.I2S_DMATxHalfCplt
                0x080024ce        0xa build/stm32f4xx_hal_i2s.o
 .text.I2S_Transmit_IT
                0x080024d8       0x38 build/stm32f4xx_hal_i2s.o
 .text.I2S_DMATxCplt
                0x08002510       0x24 build/stm32f4xx_hal_i2s.o
 .text.HAL_I2S_RxCpltCallback
                0x08002534        0x2 build/stm32f4xx_hal_i2s.o
                0x08002534                HAL_I2S_RxCpltCallback
 .text.I2S_Receive_IT
                0x08002536       0x38 build/stm32f4xx_hal_i2s.o
 .text.HAL_I2S_ErrorCallback
                0x0800256e        0x2 build/stm32f4xx_hal_i2s.o
                0x0800256e                HAL_I2S_ErrorCallback
 .text.I2S_IRQHandler
                0x08002570       0xd0 build/stm32f4xx_hal_i2s.o
 .text.I2S_DMAError
                0x08002640       0x28 build/stm32f4xx_hal_i2s.o
 .text.HAL_I2SEx_TxRxCpltCallback
                0x08002668        0x2 build/stm32f4xx_hal_i2s_ex.o
                0x08002668                HAL_I2SEx_TxRxCpltCallback
 .text.I2SEx_TxISR_I2S
                0x0800266a       0x3c build/stm32f4xx_hal_i2s_ex.o
 *fill*         0x080026a6        0x2 
 .text.I2SEx_RxISR_I2SExt
                0x080026a8       0x64 build/stm32f4xx_hal_i2s_ex.o
 .text.I2SEx_TxISR_I2SExt
                0x0800270c       0x64 build/stm32f4xx_hal_i2s_ex.o
 .text.I2SEx_RxISR_I2S
                0x08002770       0x3c build/stm32f4xx_hal_i2s_ex.o
 .text.HAL_I2SEx_FullDuplex_IRQHandler
                0x080027ac      0x1d8 build/stm32f4xx_hal_i2s_ex.o
                0x080027ac                HAL_I2SEx_FullDuplex_IRQHandler
 .text.HAL_RCC_OscConfig
                0x08002984      0x3f8 build/stm32f4xx_hal_rcc.o
                0x08002984                HAL_RCC_OscConfig
 .text.HAL_RCC_MCOConfig
                0x08002d7c       0x9c build/stm32f4xx_hal_rcc.o
                0x08002d7c                HAL_RCC_MCOConfig
 .text.HAL_RCC_GetSysClockFreq
                0x08002e18       0xa8 build/stm32f4xx_hal_rcc.o
                0x08002e18                HAL_RCC_GetSysClockFreq
 .text.HAL_RCC_ClockConfig
                0x08002ec0      0x160 build/stm32f4xx_hal_rcc.o
                0x08002ec0                HAL_RCC_ClockConfig
 .text.HAL_RCC_GetHCLKFreq
                0x08003020        0xc build/stm32f4xx_hal_rcc.o
                0x08003020                HAL_RCC_GetHCLKFreq
 .text.HAL_RCC_GetPCLK1Freq
                0x0800302c       0x20 build/stm32f4xx_hal_rcc.o
                0x0800302c                HAL_RCC_GetPCLK1Freq
 .text.HAL_RCC_GetPCLK2Freq
                0x0800304c       0x20 build/stm32f4xx_hal_rcc.o
                0x0800304c                HAL_RCC_GetPCLK2Freq
 .text.HAL_RCCEx_PeriphCLKConfig
                0x0800306c      0x16c build/stm32f4xx_hal_rcc_ex.o
                0x0800306c                HAL_RCCEx_PeriphCLKConfig
 .text.HAL_RCCEx_GetPeriphCLKFreq
                0x080031d8       0x74 build/stm32f4xx_hal_rcc_ex.o
                0x080031d8                HAL_RCCEx_GetPeriphCLKFreq
 .text.HAL_RTC_AlarmAEventCallback
                0x0800324c        0x2 build/stm32f4xx_hal_rtc.o
                0x0800324c                HAL_RTC_AlarmAEventCallback
 *fill*         0x0800324e        0x2 
 .text.HAL_RTC_AlarmIRQHandler
                0x08003250       0x60 build/stm32f4xx_hal_rtc.o
                0x08003250                HAL_RTC_AlarmIRQHandler
 .text.HAL_RTC_WaitForSynchro
                0x080032b0       0x32 build/stm32f4xx_hal_rtc.o
                0x080032b0                HAL_RTC_WaitForSynchro
 .text.RTC_EnterInitMode
                0x080032e2       0x46 build/stm32f4xx_hal_rtc.o
                0x080032e2                RTC_EnterInitMode
 .text.RTC_ExitInitMode
                0x08003328       0x2a build/stm32f4xx_hal_rtc.o
                0x08003328                RTC_ExitInitMode
 .text.HAL_RTC_Init
                0x08003352       0x8e build/stm32f4xx_hal_rtc.o
                0x08003352                HAL_RTC_Init
 .text.RTC_ByteToBcd2
                0x080033e0       0x18 build/stm32f4xx_hal_rtc.o
                0x080033e0                RTC_ByteToBcd2
 .text.HAL_RTC_SetTime
                0x080033f8       0xc0 build/stm32f4xx_hal_rtc.o
                0x080033f8                HAL_RTC_SetTime
 .text.HAL_RTC_SetDate
                0x080034b8       0x9c build/stm32f4xx_hal_rtc.o
                0x080034b8                HAL_RTC_SetDate
 .text.HAL_RTC_SetAlarm_IT
                0x08003554      0x1b4 build/stm32f4xx_hal_rtc.o
                0x08003554                HAL_RTC_SetAlarm_IT
 .text.HAL_RTCEx_AlarmBEventCallback
                0x08003708        0x2 build/stm32f4xx_hal_rtc_ex.o
                0x08003708                HAL_RTCEx_AlarmBEventCallback
 .text.HAL_SPI_Init
                0x0800370a       0xbe build/stm32f4xx_hal_spi.o
                0x0800370a                HAL_SPI_Init
 .text.UART_SetConfig
                0x080037c8      0x110 build/stm32f4xx_hal_uart.o
 .text.HAL_UART_Init
                0x080038d8       0x5e build/stm32f4xx_hal_uart.o
                0x080038d8                HAL_UART_Init
 *fill*         0x08003936        0x2 
 .text.Reset_Handler
                0x08003938       0x50 build/startup_stm32f401xc.o
                0x08003938                Reset_Handler
 .text.Default_Handler
                0x08003988        0x2 build/startup_stm32f401xc.o
                0x08003988                EXTI2_IRQHandler
                0x08003988                SPI4_IRQHandler
                0x08003988                TIM1_CC_IRQHandler
                0x08003988                DMA2_Stream5_IRQHandler
                0x08003988                DMA1_Stream5_IRQHandler
                0x08003988                PVD_IRQHandler
                0x08003988                SDIO_IRQHandler
                0x08003988                TAMP_STAMP_IRQHandler
                0x08003988                EXTI3_IRQHandler
                0x08003988                TIM1_UP_TIM10_IRQHandler
                0x08003988                I2C3_ER_IRQHandler
                0x08003988                EXTI0_IRQHandler
                0x08003988                I2C2_EV_IRQHandler
                0x08003988                DMA1_Stream2_IRQHandler
                0x08003988                FPU_IRQHandler
                0x08003988                DMA2_Stream2_IRQHandler
                0x08003988                SPI1_IRQHandler
                0x08003988                TIM1_BRK_TIM9_IRQHandler
                0x08003988                DMA2_Stream3_IRQHandler
                0x08003988                USART6_IRQHandler
                0x08003988                DMA2_Stream0_IRQHandler
                0x08003988                TIM4_IRQHandler
                0x08003988                I2C1_EV_IRQHandler
                0x08003988                DMA1_Stream6_IRQHandler
                0x08003988                DMA1_Stream1_IRQHandler
                0x08003988                TIM3_IRQHandler
                0x08003988                RCC_IRQHandler
                0x08003988                Default_Handler
                0x08003988                EXTI15_10_IRQHandler
                0x08003988                ADC_IRQHandler
                0x08003988                DMA1_Stream7_IRQHandler
                0x08003988                TIM5_IRQHandler
                0x08003988                DMA2_Stream7_IRQHandler
                0x08003988                I2C3_EV_IRQHandler
                0x08003988                EXTI9_5_IRQHandler
                0x08003988                RTC_WKUP_IRQHandler
                0x08003988                SPI2_IRQHandler
                0x08003988                DMA1_Stream0_IRQHandler
                0x08003988                EXTI4_IRQHandler
                0x08003988                WWDG_IRQHandler
                0x08003988                TIM2_IRQHandler
                0x08003988                OTG_FS_WKUP_IRQHandler
                0x08003988                TIM1_TRG_COM_TIM11_IRQHandler
                0x08003988                EXTI1_IRQHandler
                0x08003988                USART2_IRQHandler
                0x08003988                I2C2_ER_IRQHandler
                0x08003988                DMA2_Stream1_IRQHandler
                0x08003988                FLASH_IRQHandler
                0x08003988                DMA2_Stream4_IRQHandler
                0x08003988                USART1_IRQHandler
                0x08003988                OTG_FS_IRQHandler
                0x08003988                SPI3_IRQHandler
                0x08003988                I2C1_ER_IRQHandler
                0x08003988                DMA2_Stream6_IRQHandler
                0x08003988                DMA1_Stream3_IRQHandler
 .text._ZNK10__cxxabiv117__class_type_info11__do_upcastEPKS0_PPv
                0x0800398a       0x32 /usr/lib/gcc/arm-none-eabi/13.2.0/../../../../arm-none-eabi/lib/thumb/v7e-m+fp/hard/libstdc++.a(class_type_info.o)
                0x0800398a                __cxxabiv1::__class_type_info::__do_upcast(__cxxabiv1::__class_type_info const*, void**) const
 .text._ZNK10__cxxabiv117__class_type_info20__do_find_public_srcEiPKvPKS0_S2_
                0x080039bc        0xc /usr/lib/gcc/arm-none-eabi/13.2.0/../../../../arm-none-eabi/lib/thumb/v7e-m+fp/hard/libstdc++.a(class_type_info.o)
                0x080039bc                __cxxabiv1::__class_type_info::__do_find_public_src(int, void const*, __cxxabiv1::__class_type_info const*, void const*) const
 .text._ZN10__cxxabiv117__class_type_infoD2Ev
                0x080039c8       0x14 /usr/lib/gcc/arm-none-eabi/13.2.0/../../../../arm-none-eabi/lib/thumb/v7e-m+fp/hard/libstdc++.a(class_type_info.o)
                0x080039c8                __cxxabiv1::__class_type_info::~__class_type_info()
                0x080039c8                __cxxabiv1::__class_type_info::~__class_type_info()
 .text._ZN10__cxxabiv117__class_type_infoD0Ev
                0x080039dc       0x14 /usr/lib/gcc/arm-none-eabi/13.2.0/../../../../arm-none-eabi/lib/thumb/v7e-m+fp/hard/libstdc++.a(class_type_info.o)
                0x080039dc                __cxxabiv1::__class_type_info::~__class_type_info()
 .text._ZNK10__cxxabiv117__class_type_info12__do_dyncastEiNS0_10__sub_kindEPKS0_PKvS3_S5_RNS0_16__dyncast_resultE
                0x080039f0       0x3e /usr/lib/gcc/arm-none-eabi/13.2.0/../../../../arm-none-eabi/lib/thumb/v7e-m+fp/hard/libstdc++.a(class_type_info.o)
                0x080039f0                __cxxabiv1::__class_type_info::__do_dyncast(int, __cxxabiv1::__class_type_info::__sub_kind, __cxxabiv1::__class_type_info const*, void const*, __cxxabiv1::__class_type_info const*, void const*, __cxxabiv1::__class_type_info::__dyncast_result&) const
 .text._ZNK10__cxxabiv117__class_type_info11__do_upcastEPKS0_PKvRNS0_15__upcast_resultE
                0x08003a2e       0x18 /usr/lib/gcc/arm-none-eabi/13.2.0/../../../../arm-none-eabi/lib/thumb/v7e-m+fp/hard/libstdc++.a(class_type_info.o)
                0x08003a2e                __cxxabiv1::__class_type_info::__do_upcast(__cxxabiv1::__class_type_info const*, void const*, __cxxabiv1::__class_type_info::__upcast_result&) const
 .text._ZNK10__cxxabiv117__class_type_info10__do_catchEPKSt9type_infoPPvj
                0x08003a46       0x2a /usr/lib/gcc/arm-none-eabi/13.2.0/../../../../arm-none-eabi/lib/thumb/v7e-m+fp/hard/libstdc++.a(class_type_info.o)
                0x08003a46                __cxxabiv1::__class_type_info::__do_catch(std::type_info const*, void**, unsigned int) const
 .text._ZdlPvj  0x08003a70        0x4 /usr/lib/gcc/arm-none-eabi/13.2.0/../../../../arm-none-eabi/lib/thumb/v7e-m+fp/hard/libstdc++.a(del_ops.o)
                0x08003a70                operator delete(void*, unsigned int)
 .text._ZN10__cxxabiv120__si_class_type_infoD2Ev
                0x08003a74       0x14 /usr/lib/gcc/arm-none-eabi/13.2.0/../../../../arm-none-eabi/lib/thumb/v7e-m+fp/hard/libstdc++.a(si_class_type_info.o)
                0x08003a74                __cxxabiv1::__si_class_type_info::~__si_class_type_info()
                0x08003a74                __cxxabiv1::__si_class_type_info::~__si_class_type_info()
 .text._ZN10__cxxabiv120__si_class_type_infoD0Ev
                0x08003a88       0x14 /usr/lib/gcc/arm-none-eabi/13.2.0/../../../../arm-none-eabi/lib/thumb/v7e-m+fp/hard/libstdc++.a(si_class_type_info.o)
                0x08003a88                __cxxabiv1::__si_class_type_info::~__si_class_type_info()
 .text._ZNK10__cxxabiv120__si_class_type_info20__do_find_public_srcEiPKvPKNS_17__class_type_infoES2_
                0x08003a9c       0x3c /usr/lib/gcc/arm-none-eabi/13.2.0/../../../../arm-none-eabi/lib/thumb/v7e-m+fp/hard/libstdc++.a(si_class_type_info.o)
                0x08003a9c                __cxxabiv1::__si_class_type_info::__do_find_public_src(int, void const*, __cxxabiv1::__class_type_info const*, void const*) const
 .text._ZNK10__cxxabiv120__si_class_type_info12__do_dyncastEiNS_17__class_type_info10__sub_kindEPKS1_PKvS4_S6_RNS1_16__dyncast_resultE
                0x08003ad8       0x74 /usr/lib/gcc/arm-none-eabi/13.2.0/../../../../arm-none-eabi/lib/thumb/v7e-m+fp/hard/libstdc++.a(si_class_type_info.o)
                0x08003ad8                __cxxabiv1::__si_class_type_info::__do_dyncast(int, __cxxabiv1::__class_type_info::__sub_kind, __cxxabiv1::__class_type_info const*, void const*, __cxxabiv1::__class_type_info const*, void const*, __cxxabiv1::__class_type_info::__dyncast_result&) const
 .text._ZNK10__cxxabiv120__si_class_type_info11__do_upcastEPKNS_17__class_type_infoEPKvRNS1_15__upcast_resultE
                0x08003b4c       0x2a /usr/lib/gcc/arm-none-eabi/13.2.0/../../../../arm-none-eabi/lib/thumb/v7e-m+fp/hard/libstdc++.a(si_class_type_info.o)
                0x08003b4c                __cxxabiv1::__si_class_type_info::__do_upcast(__cxxabiv1::__class_type_info const*, void const*, __cxxabiv1::__class_type_info::__upcast_result&) const
 .text._ZNSt9type_infoD2Ev
                0x08003b76        0x2 /usr/lib/gcc/arm-none-eabi/13.2.0/../../../../arm-none-eabi/lib/thumb/v7e-m+fp/hard/libstdc++.a(tinfo.o)
                0x08003b76                std::type_info::~type_info()
                0x08003b76                std::type_info::~type_info()
 .text._ZNKSt9type_info14__is_pointer_pEv
                0x08003b78        0x4 /usr/lib/gcc/arm-none-eabi/13.2.0/../../../../arm-none-eabi/lib/thumb/v7e-m+fp/hard/libstdc++.a(tinfo.o)
                0x08003b78                std::type_info::__is_function_p() const
                0x08003b78                std::type_info::__is_pointer_p() const
 .text._ZNKSt9type_infoeqERKS_
                0x08003b7c       0x2c /usr/lib/gcc/arm-none-eabi/13.2.0/../../../../arm-none-eabi/lib/thumb/v7e-m+fp/hard/libstdc++.a(tinfo.o)
                0x08003b7c                std::type_info::__equal(std::type_info const&) const
                0x08003b7c                std::type_info::operator==(std::type_info const&) const
 .text._ZdlPv   0x08003ba8        0x4 /usr/lib/gcc/arm-none-eabi/13.2.0/../../../../arm-none-eabi/lib/thumb/v7e-m+fp/hard/libstdc++.a(del_op.o)
                0x08003ba8                operator delete(void*)
 *fill*         0x08003bac        0x4 
 .text.sin      0x08003bb0       0x90 /usr/lib/gcc/arm-none-eabi/13.2.0/../../../../arm-none-eabi/lib/thumb/v7e-m+fp/hard/libm.a(libm_a-s_sin.o)
                0x08003bb0                sin
 .text.__kernel_cos
                0x08003c40      0x264 /usr/lib/gcc/arm-none-eabi/13.2.0/../../../../arm-none-eabi/lib/thumb/v7e-m+fp/hard/libm.a(libm_a-k_cos.o)
                0x08003c40                __kernel_cos
 *fill*         0x08003ea4        0x4 
 .text.__kernel_sin
                0x08003ea8      0x17c /usr/lib/gcc/arm-none-eabi/13.2.0/../../../../arm-none-eabi/lib/thumb/v7e-m+fp/hard/libm.a(libm_a-k_sin.o)
                0x08003ea8                __kernel_sin
 *fill*         0x08004024        0x4 
 .text.__ieee754_rem_pio2
                0x08004028      0x444 /usr/lib/gcc/arm-none-eabi/13.2.0/../../../../arm-none-eabi/lib/thumb/v7e-m+fp/hard/libm.a(libm_a-e_rem_pio2.o)
                0x08004028                __ieee754_rem_pio2
 .text.fabs     0x0800446c       0x10 /usr/lib/gcc/arm-none-eabi/13.2.0/../../../../arm-none-eabi/lib/thumb/v7e-m+fp/hard/libm.a(libm_a-s_fabs.o)
                0x0800446c                fabs
 *fill*         0x0800447c        0x4 
 .text.__kernel_rem_pio2
                0x08004480      0x868 /usr/lib/gcc/arm-none-eabi/13.2.0/../../../../arm-none-eabi/lib/thumb/v7e-m+fp/hard/libm.a(libm_a-k_rem_pio2.o)
                0x08004480                __kernel_rem_pio2
 .text.scalbn   0x08004ce8      0x114 /usr/lib/gcc/arm-none-eabi/13.2.0/../../../../arm-none-eabi/lib/thumb/v7e-m+fp/hard/libm.a(libm_a-s_scalbn.o)
                0x08004ce8                scalbn
 *fill*         0x08004dfc        0x4 
 .text.floor    0x08004e00      0x108 /usr/lib/gcc/arm-none-eabi/13.2.0/../../../../arm-none-eabi/lib/thumb/v7e-m+fp/hard/libm.a(libm_a-s_floor.o)
                0x08004e00                floor
 .text.atexit   0x08004f08        0xc /usr/lib/gcc/arm-none-eabi/13.2.0/../../../../arm-none-eabi/lib/thumb/v7e-m+fp/hard/libc.a(libc_a-atexit.o)
                0x08004f08                atexit
 .text.free     0x08004f14       0x10 /usr/lib/gcc/arm-none-eabi/13.2.0/../../../../arm-none-eabi/lib/thumb/v7e-m+fp/hard/libc.a(libc_a-malloc.o)
                0x08004f14                free
 .text.__malloc_lock
                0x08004f24        0xc /usr/lib/gcc/arm-none-eabi/13.2.0/../../../../arm-none-eabi/lib/thumb/v7e-m+fp/hard/libc.a(libc_a-mlock.o)
                0x08004f24                __malloc_lock
 .text.__malloc_unlock
                0x08004f30        0xc /usr/lib/gcc/arm-none-eabi/13.2.0/../../../../arm-none-eabi/lib/thumb/v7e-m+fp/hard/libc.a(libc_a-mlock.o)
                0x08004f30                __malloc_unlock
 .text.memset   0x08004f3c       0xa4 /usr/lib/gcc/arm-none-eabi/13.2.0/../../../../arm-none-eabi/lib/thumb/v7e-m+fp/hard/libc.a(libc_a-memset.o)
                0x08004f3c                memset
 .text._sbrk_r  0x08004fe0       0x24 /usr/lib/gcc/arm-none-eabi/13.2.0/../../../../arm-none-eabi/lib/thumb/v7e-m+fp/hard/libc.a(libc_a-sbrkr.o)
                0x08004fe0                _sbrk_r
 .text.__libc_init_array
                0x08005004       0x50 /usr/lib/gcc/arm-none-eabi/13.2.0/../../../../arm-none-eabi/lib/thumb/v7e-m+fp/hard/libc.a(libc_a-init.o)
                0x08005004                __libc_init_array
 .text.__libc_fini_array
                0x08005054       0x28 /usr/lib/gcc/arm-none-eabi/13.2.0/../../../../arm-none-eabi/lib/thumb/v7e-m+fp/hard/libc.a(libc_a-fini.o)
                0x08005054                __libc_fini_array
 .text.__retarget_lock_acquire_recursive
                0x0800507c        0x4 /usr/lib/gcc/arm-none-eabi/13.2.0/../../../../arm-none-eabi/lib/thumb/v7e-m+fp/hard/libc.a(libc_a-lock.o)
                0x0800507c                __retarget_lock_acquire_recursive
 .text.__retarget_lock_release_recursive
                0x08005080        0x4 /usr/lib/gcc/arm-none-eabi/13.2.0/../../../../arm-none-eabi/lib/thumb/v7e-m+fp/hard/libc.a(libc_a-lock.o)
                0x08005080                __retarget_lock_release_recursive
 .text.sysconf  0x08005084       0x1c /usr/lib/gcc/arm-none-eabi/13.2.0/../../../../arm-none-eabi/lib/thumb/v7e-m+fp/hard/libc.a(libc_a-sysconf.o)
                0x08005084                sysconf
 .text.__register_exitproc
                0x080050a0       0x80 /usr/lib/gcc/arm-none-eabi/13.2.0/../../../../arm-none-eabi/lib/thumb/v7e-m+fp/hard/libc.a(libc_a-__atexit.o)
                0x080050a0                __register_exitproc
 .text.startup.register_fini
                0x08005120       0x14 /usr/lib/gcc/arm-none-eabi/13.2.0/../../../../arm-none-eabi/lib/thumb/v7e-m+fp/hard/libc.a(libc_a-__call_atexit.o)
 .text._malloc_trim_r
                0x08005134       0xb8 /usr/lib/gcc/arm-none-eabi/13.2.0/../../../../arm-none-eabi/lib/thumb/v7e-m+fp/hard/libc.a(libc_a-freer.o)
                0x08005134                _malloc_trim_r
 .text._free_r  0x080051ec      0x1fc /usr/lib/gcc/arm-none-eabi/13.2.0/../../../../arm-none-eabi/lib/thumb/v7e-m+fp/hard/libc.a(libc_a-freer.o)
                0x080051ec                _free_r
 .text.__errno  0x080053e8        0xc /usr/lib/gcc/arm-none-eabi/13.2.0/../../../../arm-none-eabi/lib/thumb/v7e-m+fp/hard/libc.a(libc_a-errno.o)
                0x080053e8                __errno
 .text.__udivmoddi4
                0x080053f4      0x2a0 /usr/lib/gcc/arm-none-eabi/13.2.0/thumb/v7e-m+fp/hard/libgcc.a(_udivmoddi4.o)
                0x080053f4                __udivmoddi4
 .text.selfrel_offset31
                0x08005694       0x12 /usr/lib/gcc/arm-none-eabi/13.2.0/thumb/v7e-m+fp/hard/libgcc.a(unwind-arm.o)
 .text.search_EIT_table
                0x080056a6       0x60 /usr/lib/gcc/arm-none-eabi/13.2.0/thumb/v7e-m+fp/hard/libgcc.a(unwind-arm.o)
 *fill*         0x08005706        0x2 
 .text.__gnu_unwind_get_pr_addr
                0x08005708       0x28 /usr/lib/gcc/arm-none-eabi/13.2.0/thumb/v7e-m+fp/hard/libgcc.a(unwind-arm.o)
 .text.get_eit_entry
                0x08005730       0x8c /usr/lib/gcc/arm-none-eabi/13.2.0/thumb/v7e-m+fp/hard/libgcc.a(unwind-arm.o)
 .text.restore_non_core_regs
                0x080057bc       0x4e /usr/lib/gcc/arm-none-eabi/13.2.0/thumb/v7e-m+fp/hard/libgcc.a(unwind-arm.o)
 .text._Unwind_decode_typeinfo_ptr.constprop.0
                0x0800580a        0xa /usr/lib/gcc/arm-none-eabi/13.2.0/thumb/v7e-m+fp/hard/libgcc.a(unwind-arm.o)
 .text._Unwind_DebugHook
                0x08005814        0x2 /usr/lib/gcc/arm-none-eabi/13.2.0/thumb/v7e-m+fp/hard/libgcc.a(unwind-arm.o)
 .text.unwind_phase2
                0x08005816       0x3a /usr/lib/gcc/arm-none-eabi/13.2.0/thumb/v7e-m+fp/hard/libgcc.a(unwind-arm.o)
 .text.unwind_phase2_forced
                0x08005850       0xba /usr/lib/gcc/arm-none-eabi/13.2.0/thumb/v7e-m+fp/hard/libgcc.a(unwind-arm.o)
 .text.__gnu_Unwind_RaiseException
                0x0800590a       0x5a /usr/lib/gcc/arm-none-eabi/13.2.0/thumb/v7e-m+fp/hard/libgcc.a(unwind-arm.o)
                0x0800590a                __gnu_Unwind_RaiseException
 .text.__gnu_Unwind_ForcedUnwind
                0x08005964       0x14 /usr/lib/gcc/arm-none-eabi/13.2.0/thumb/v7e-m+fp/hard/libgcc.a(unwind-arm.o)
                0x08005964                __gnu_Unwind_ForcedUnwind
 .text.__gnu_Unwind_Resume
                0x08005978       0x40 /usr/lib/gcc/arm-none-eabi/13.2.0/thumb/v7e-m+fp/hard/libgcc.a(unwind-arm.o)
                0x08005978                __gnu_Unwind_Resume
 .text.__gnu_Unwind_Resume_or_Rethrow
                0x080059b8       0x12 /usr/lib/gcc/arm-none-eabi/13.2.0/thumb/v7e-m+fp/hard/libgcc.a(unwind-arm.o)
                0x080059b8                __gnu_Unwind_Resume_or_Rethrow
 .text._Unwind_VRS_Get
                0x080059ca       0x30 /usr/lib/gcc/arm-none-eabi/13.2.0/thumb/v7e-m+fp/hard/libgcc.a(unwind-arm.o)
                0x080059ca                _Unwind_VRS_Get
 .text._Unwind_GetGR
                0x080059fa       0x18 /usr/lib/gcc/arm-none-eabi/13.2.0/thumb/v7e-m+fp/hard/libgcc.a(unwind-arm.o)
 .text._Unwind_VRS_Set
                0x08005a12       0x32 /usr/lib/gcc/arm-none-eabi/13.2.0/thumb/v7e-m+fp/hard/libgcc.a(unwind-arm.o)
                0x08005a12                _Unwind_VRS_Set
 .text._Unwind_SetGR
                0x08005a44       0x18 /usr/lib/gcc/arm-none-eabi/13.2.0/thumb/v7e-m+fp/hard/libgcc.a(unwind-arm.o)
 .text.__gnu_Unwind_Backtrace
                0x08005a5c       0x6c /usr/lib/gcc/arm-none-eabi/13.2.0/thumb/v7e-m+fp/hard/libgcc.a(unwind-arm.o)
                0x08005a5c                __gnu_Unwind_Backtrace
 .text.__gnu_unwind_pr_common
                0x08005ac8      0x24c /usr/lib/gcc/arm-none-eabi/13.2.0/thumb/v7e-m+fp/hard/libgcc.a(unwind-arm.o)
 .text.__aeabi_unwind_cpp_pr0
                0x08005d14        0x6 /usr/lib/gcc/arm-none-eabi/13.2.0/thumb/v7e-m+fp/hard/libgcc.a(unwind-arm.o)
                0x08005d14                __aeabi_unwind_cpp_pr0
 .text.__aeabi_unwind_cpp_pr1
                0x08005d1a        0x6 /usr/lib/gcc/arm-none-eabi/13.2.0/thumb/v7e-m+fp/hard/libgcc.a(unwind-arm.o)
                0x08005d1a                __aeabi_unwind_cpp_pr1
 .text.__aeabi_unwind_cpp_pr2
                0x08005d20        0x6 /usr/lib/gcc/arm-none-eabi/13.2.0/thumb/v7e-m+fp/hard/libgcc.a(unwind-arm.o)
                0x08005d20                __aeabi_unwind_cpp_pr2
 .text._Unwind_VRS_Pop
                0x08005d26      0x226 /usr/lib/gcc/arm-none-eabi/13.2.0/thumb/v7e-m+fp/hard/libgcc.a(unwind-arm.o)
                0x08005d26                _Unwind_VRS_Pop
 .text.next_unwind_byte
                0x08005f4c       0x30 /usr/lib/gcc/arm-none-eabi/13.2.0/thumb/v7e-m+fp/hard/libgcc.a(pr-support.o)
 .text.__gnu_unwind_execute
                0x08005f7c      0x268 /usr/lib/gcc/arm-none-eabi/13.2.0/thumb/v7e-m+fp/hard/libgcc.a(pr-support.o)
                0x08005f7c                __gnu_unwind_execute
 .text.abort    0x080061e4       0x10 /usr/lib/gcc/arm-none-eabi/13.2.0/../../../../arm-none-eabi/lib/thumb/v7e-m+fp/hard/libc.a(libc_a-abort.o)
                0x080061e4                abort
 .text.raise    0x080061f4       0x58 /usr/lib/gcc/arm-none-eabi/13.2.0/../../../../arm-none-eabi/lib/thumb/v7e-m+fp/hard/libc.a(libc_a-signal.o)
                0x080061f4                raise
 .text._kill_r  0x0800624c       0x2c /usr/lib/gcc/arm-none-eabi/13.2.0/../../../../arm-none-eabi/lib/thumb/v7e-m+fp/hard/libc.a(libc_a-signalr.o)
                0x0800624c                _kill_r
 .text._getpid_r
                0x08006278        0x4 /usr/lib/gcc/arm-none-eabi/13.2.0/../../../../arm-none-eabi/lib/thumb/v7e-m+fp/hard/libc.a(libc_a-signalr.o)
                0x08006278                _getpid_r
 .text._getpid  0x0800627c       0x10 /usr/lib/gcc/arm-none-eabi/13.2.0/../../../../arm-none-eabi/lib/thumb/v7e-m+fp/hard/libnosys.a(getpid.o)
                0x0800627c                _getpid
 .text._kill    0x0800628c       0x10 /usr/lib/gcc/arm-none-eabi/13.2.0/../../../../arm-none-eabi/lib/thumb/v7e-m+fp/hard/libnosys.a(kill.o)
                0x0800628c                _kill
 .text._sbrk    0x0800629c       0x1c /usr/lib/gcc/arm-none-eabi/13.2.0/../../../../arm-none-eabi/lib/thumb/v7e-m+fp/hard/libnosys.a(sbrk.o)
                0x0800629c                _sbrk
 .text._exit    0x080062b8        0x4 /usr/lib/gcc/arm-none-eabi/13.2.0/../../../../arm-none-eabi/lib/thumb/v7e-m+fp/hard/libnosys.a(_exit.o)
                0x080062b8                _exit
 *(.glue_7)
 .glue_7        0x080062bc        0x0 linker stubs
 *(.glue_7t)
 .glue_7t       0x080062bc        0x0 linker stubs
 *(.eh_frame)
 .eh_frame      0x080062bc        0x0 /usr/lib/gcc/arm-none-eabi/13.2.0/thumb/v7e-m+fp/hard/crtbegin.o
 *(.init)
 .init          0x080062bc        0x4 /usr/lib/gcc/arm-none-eabi/13.2.0/thumb/v7e-m+fp/hard/crti.o
                0x080062bc                _init
 .init          0x080062c0        0x8 /usr/lib/gcc/arm-none-eabi/13.2.0/thumb/v7e-m+fp/hard/crtn.o
 *(.fini)
 .fini          0x080062c8        0x4 /usr/lib/gcc/arm-none-eabi/13.2.0/thumb/v7e-m+fp/hard/crti.o
                0x080062c8                _fini
 .fini          0x080062cc        0x8 /usr/lib/gcc/arm-none-eabi/13.2.0/thumb/v7e-m+fp/hard/crtn.o
                0x080062d4                        . = ALIGN (0x4)
                0x080062d4                        _etext = .

.vfp11_veneer   0x080062d4        0x0
 .vfp11_veneer  0x080062d4        0x0 linker stubs

.v4_bx          0x080062d4        0x0
 .v4_bx         0x080062d4        0x0 linker stubs

.iplt           0x080062d4        0x0
 .iplt          0x080062d4        0x0 /usr/lib/gcc/arm-none-eabi/13.2.0/thumb/v7e-m+fp/hard/crtbegin.o

.rodata         0x080062d8      0x318
                0x080062d8                        . = ALIGN (0x4)
 *(.rodata)
 *(.rodata*)
 .rodata._ZTS16InterruptHandler
                0x080062d8       0x13 build/concrete_interrupt_handlers.o
                0x080062d8                typeinfo name for InterruptHandler
 *fill*         0x080062eb        0x1 
 .rodata._ZTI16InterruptHandler
                0x080062ec        0x8 build/concrete_interrupt_handlers.o
                0x080062ec                typeinfo for InterruptHandler
 .rodata._ZTS9i2sObject
                0x080062f4        0xb build/concrete_interrupt_handlers.o
                0x080062f4                typeinfo name for i2sObject
 *fill*         0x080062ff        0x1 
 .rodata._ZTI9i2sObject
                0x08006300        0xc build/concrete_interrupt_handlers.o
                0x08006300                typeinfo for i2sObject
 .rodata._ZTV16InterruptHandler
                0x0800630c        0xc build/concrete_interrupt_handlers.o
                0x0800630c                vtable for InterruptHandler
 .rodata._ZTV9i2sObject
                0x08006318        0xc build/concrete_interrupt_handlers.o
                0x08006318                vtable for i2sObject
 .rodata.APBPrescTable
                0x08006324        0x8 build/system_stm32f4xx.o
                0x08006324                APBPrescTable
 .rodata.AHBPrescTable
                0x0800632c       0x10 build/system_stm32f4xx.o
                0x0800632c                AHBPrescTable
 .rodata.flagBitshiftOffset.0
                0x0800633c        0x8 build/stm32f4xx_hal_dma.o
 .rodata._ZTSN10__cxxabiv117__class_type_infoE
                0x08006344       0x22 /usr/lib/gcc/arm-none-eabi/13.2.0/../../../../arm-none-eabi/lib/thumb/v7e-m+fp/hard/libstdc++.a(class_type_info.o)
                0x08006344                typeinfo name for __cxxabiv1::__class_type_info
 *fill*         0x08006366        0x2 
 .rodata._ZTIN10__cxxabiv117__class_type_infoE
                0x08006368        0xc /usr/lib/gcc/arm-none-eabi/13.2.0/../../../../arm-none-eabi/lib/thumb/v7e-m+fp/hard/libstdc++.a(class_type_info.o)
                0x08006368                typeinfo for __cxxabiv1::__class_type_info
 .rodata._ZTVN10__cxxabiv117__class_type_infoE
                0x08006374       0x2c /usr/lib/gcc/arm-none-eabi/13.2.0/../../../../arm-none-eabi/lib/thumb/v7e-m+fp/hard/libstdc++.a(class_type_info.o)
                0x08006374                vtable for __cxxabiv1::__class_type_info
 .rodata._ZTSN10__cxxabiv120__si_class_type_infoE
                0x080063a0       0x25 /usr/lib/gcc/arm-none-eabi/13.2.0/../../../../arm-none-eabi/lib/thumb/v7e-m+fp/hard/libstdc++.a(si_class_type_info.o)
                0x080063a0                typeinfo name for __cxxabiv1::__si_class_type_info
 *fill*         0x080063c5        0x3 
 .rodata._ZTIN10__cxxabiv120__si_class_type_infoE
                0x080063c8        0xc /usr/lib/gcc/arm-none-eabi/13.2.0/../../../../arm-none-eabi/lib/thumb/v7e-m+fp/hard/libstdc++.a(si_class_type_info.o)
                0x080063c8                typeinfo for __cxxabiv1::__si_class_type_info
 .rodata._ZTVN10__cxxabiv120__si_class_type_infoE
                0x080063d4       0x2c /usr/lib/gcc/arm-none-eabi/13.2.0/../../../../arm-none-eabi/lib/thumb/v7e-m+fp/hard/libstdc++.a(si_class_type_info.o)
                0x080063d4                vtable for __cxxabiv1::__si_class_type_info
 .rodata._ZTSSt9type_info
                0x08006400        0xd /usr/lib/gcc/arm-none-eabi/13.2.0/../../../../arm-none-eabi/lib/thumb/v7e-m+fp/hard/libstdc++.a(tinfo.o)
                0x08006400                typeinfo name for std::type_info
 *fill*         0x0800640d        0x3 
 .rodata._ZTISt9type_info
                0x08006410        0x8 /usr/lib/gcc/arm-none-eabi/13.2.0/../../../../arm-none-eabi/lib/thumb/v7e-m+fp/hard/libstdc++.a(tinfo.o)
                0x08006410                typeinfo for std::type_info
 .rodata.npio2_hw
                0x08006418       0x80 /usr/lib/gcc/arm-none-eabi/13.2.0/../../../../arm-none-eabi/lib/thumb/v7e-m+fp/hard/libm.a(libm_a-e_rem_pio2.o)
 .rodata.two_over_pi
                0x08006498      0x108 /usr/lib/gcc/arm-none-eabi/13.2.0/../../../../arm-none-eabi/lib/thumb/v7e-m+fp/hard/libm.a(libm_a-e_rem_pio2.o)
 .rodata.PIo2   0x080065a0       0x40 /usr/lib/gcc/arm-none-eabi/13.2.0/../../../../arm-none-eabi/lib/thumb/v7e-m+fp/hard/libm.a(libm_a-k_rem_pio2.o)
 .rodata.init_jk
                0x080065e0       0x10 /usr/lib/gcc/arm-none-eabi/13.2.0/../../../../arm-none-eabi/lib/thumb/v7e-m+fp/hard/libm.a(libm_a-k_rem_pio2.o)
                0x080065f0                        . = ALIGN (0x4)

.ARM.extab      0x080065f0       0x48
 *(.ARM.extab* .gnu.linkonce.armextab.*)
 .ARM.extab.text._ZN10audio_test7runTestER17I2C_HandleTypeDefR19__DMA_HandleTypeDefR9i2sObject
                0x080065f0        0xc build/audio_test.o
 .ARM.extab.text.HAL_I2S_TxCpltCallback
                0x080065fc        0xc build/main.o
 .ARM.extab.text._ZL12MX_I2C1_Initv
                0x08006608        0xc build/main.o
 .ARM.extab.text._ZL12MX_I2S2_Initv
                0x08006614        0xc build/main.o
 .ARM.extab.text._ZL12MX_SPI1_Initv
                0x08006620        0xc build/main.o
 .ARM.extab.text._ZL19MX_USART1_UART_Initv
                0x0800662c        0xc build/main.o

.ARM            0x08006638      0x130
                0x08006638                        __exidx_start = .
 *(.ARM.exidx*)
 .ARM.exidx     0x08006638        0x8 /usr/lib/gcc/arm-none-eabi/13.2.0/../../../../arm-none-eabi/lib/thumb/v7e-m+fp/hard/libc.a(libc_a-strcmp.o)
 .ARM.exidx     0x08006640        0x0 /usr/lib/gcc/arm-none-eabi/13.2.0/../../../../arm-none-eabi/lib/thumb/v7e-m+fp/hard/libc.a(libc_a-memcpy.o)
                                  0x8 (size before relaxing)
 .ARM.exidx.text._ZN10audio_test9genBufferER5Audiof
                0x08006640        0x8 build/audio_test.o
 .ARM.exidx.text._ZN10audio_test7runTestER17I2C_HandleTypeDefR19__DMA_HandleTypeDefR9i2sObject
                0x08006648        0x8 build/audio_test.o
 .ARM.exidx.text._ZL12MX_GPIO_Initv
                0x08006650        0x8 build/main.o
 .ARM.exidx.text._ZL11MX_DMA_Initv
                0x08006658        0x8 build/main.o
 .ARM.exidx.text._Z41__static_initialization_and_destruction_0v
                0x08006660        0x8 build/main.o
 .ARM.exidx.text.HAL_I2S_TxCpltCallback
                0x08006668        0x8 build/main.o
 .ARM.exidx.text._Z16register_handleriP16InterruptHandler
                0x08006670        0x8 build/main.o
 .ARM.exidx.text.Error_Handler
                0x08006678        0x0 build/main.o
                                  0x8 (size before relaxing)
 .ARM.exidx.text._ZL12MX_I2C1_Initv
                0x08006678        0x8 build/main.o
 .ARM.exidx.text._ZL12MX_I2S2_Initv
                0x08006680        0x8 build/main.o
 .ARM.exidx.text._ZL12MX_SPI1_Initv
                0x08006688        0x8 build/main.o
 .ARM.exidx.text._ZL19MX_USART1_UART_Initv
                0x08006690        0x8 build/main.o
 .ARM.exidx.text._ZL11MX_RTC_Initv
                0x08006698        0x8 build/main.o
 .ARM.exidx.text._Z18SystemClock_Configv
                0x080066a0        0x8 build/main.o
 .ARM.exidx.text.main
                0x080066a8        0x8 build/main.o
 .ARM.exidx.text._GLOBAL__sub_I_hi2c1
                0x080066b0        0x8 build/main.o
 .ARM.exidx.text._ZN5AudioC2ER17I2C_HandleTypeDefR19__DMA_HandleTypeDefR9i2sObject
                0x080066b8        0x0 build/audio.o
                                  0x8 (size before relaxing)
 .ARM.exidx.text._ZN5Audio4playEv
                0x080066b8        0x8 build/audio.o
 .ARM.exidx.text._ZN5Audio17getBufferInstanceEv
                0x080066c0        0x8 build/audio.o
 .ARM.exidx.text._ZN9i2sObject3irqEv
                0x080066c8        0x0 build/concrete_interrupt_handlers.o
                                  0x8 (size before relaxing)
 .ARM.exidx.text._ZN9i2sObjectC2ER19__I2S_HandleTypeDef
                0x080066c8        0x0 build/concrete_interrupt_handlers.o
                                  0x8 (size before relaxing)
 .ARM.exidx.text._ZN9i2sObject13bufferIsEmptyEv
                0x080066c8        0x0 build/concrete_interrupt_handlers.o
                                  0x8 (size before relaxing)
 .ARM.exidx.text._ZN9i2sObject18resetIsBufferEmptyEv
                0x080066c8        0x0 build/concrete_interrupt_handlers.o
                                  0x8 (size before relaxing)
 .ARM.exidx.text._ZNK10__cxxabiv117__class_type_info11__do_upcastEPKS0_PPv
                0x080066c8        0x8 /usr/lib/gcc/arm-none-eabi/13.2.0/../../../../arm-none-eabi/lib/thumb/v7e-m+fp/hard/libstdc++.a(class_type_info.o)
 .ARM.exidx.text._ZNK10__cxxabiv117__class_type_info20__do_find_public_srcEiPKvPKS0_S2_
                0x080066d0        0x8 /usr/lib/gcc/arm-none-eabi/13.2.0/../../../../arm-none-eabi/lib/thumb/v7e-m+fp/hard/libstdc++.a(class_type_info.o)
 .ARM.exidx.text._ZN10__cxxabiv117__class_type_infoD2Ev
                0x080066d8        0x0 /usr/lib/gcc/arm-none-eabi/13.2.0/../../../../arm-none-eabi/lib/thumb/v7e-m+fp/hard/libstdc++.a(class_type_info.o)
                                  0x8 (size before relaxing)
 .ARM.exidx.text._ZN10__cxxabiv117__class_type_infoD0Ev
                0x080066d8        0x0 /usr/lib/gcc/arm-none-eabi/13.2.0/../../../../arm-none-eabi/lib/thumb/v7e-m+fp/hard/libstdc++.a(class_type_info.o)
                                  0x8 (size before relaxing)
 .ARM.exidx.text._ZNK10__cxxabiv117__class_type_info12__do_dyncastEiNS0_10__sub_kindEPKS0_PKvS3_S5_RNS0_16__dyncast_resultE
                0x080066d8        0x0 /usr/lib/gcc/arm-none-eabi/13.2.0/../../../../arm-none-eabi/lib/thumb/v7e-m+fp/hard/libstdc++.a(class_type_info.o)
                                  0x8 (size before relaxing)
 .ARM.exidx.text._ZNK10__cxxabiv117__class_type_info11__do_upcastEPKS0_PKvRNS0_15__upcast_resultE
                0x080066d8        0x0 /usr/lib/gcc/arm-none-eabi/13.2.0/../../../../arm-none-eabi/lib/thumb/v7e-m+fp/hard/libstdc++.a(class_type_info.o)
                                  0x8 (size before relaxing)
 .ARM.exidx.text._ZNK10__cxxabiv117__class_type_info10__do_catchEPKSt9type_infoPPvj
                0x080066d8        0x0 /usr/lib/gcc/arm-none-eabi/13.2.0/../../../../arm-none-eabi/lib/thumb/v7e-m+fp/hard/libstdc++.a(class_type_info.o)
                                  0x8 (size before relaxing)
 .ARM.exidx.text._ZdlPvj
                0x080066d8        0x0 /usr/lib/gcc/arm-none-eabi/13.2.0/../../../../arm-none-eabi/lib/thumb/v7e-m+fp/hard/libstdc++.a(del_ops.o)
                                  0x8 (size before relaxing)
 .ARM.exidx.text._ZN10__cxxabiv120__si_class_type_infoD2Ev
                0x080066d8        0x0 /usr/lib/gcc/arm-none-eabi/13.2.0/../../../../arm-none-eabi/lib/thumb/v7e-m+fp/hard/libstdc++.a(si_class_type_info.o)
                                  0x8 (size before relaxing)
 .ARM.exidx.text._ZN10__cxxabiv120__si_class_type_infoD0Ev
                0x080066d8        0x0 /usr/lib/gcc/arm-none-eabi/13.2.0/../../../../arm-none-eabi/lib/thumb/v7e-m+fp/hard/libstdc++.a(si_class_type_info.o)
                                  0x8 (size before relaxing)
 .ARM.exidx.text._ZNK10__cxxabiv120__si_class_type_info20__do_find_public_srcEiPKvPKNS_17__class_type_infoES2_
                0x080066d8        0x0 /usr/lib/gcc/arm-none-eabi/13.2.0/../../../../arm-none-eabi/lib/thumb/v7e-m+fp/hard/libstdc++.a(si_class_type_info.o)
                                  0x8 (size before relaxing)
 .ARM.exidx.text._ZNK10__cxxabiv120__si_class_type_info12__do_dyncastEiNS_17__class_type_info10__sub_kindEPKS1_PKvS4_S6_RNS1_16__dyncast_resultE
                0x080066d8        0x0 /usr/lib/gcc/arm-none-eabi/13.2.0/../../../../arm-none-eabi/lib/thumb/v7e-m+fp/hard/libstdc++.a(si_class_type_info.o)
                                  0x8 (size before relaxing)
 .ARM.exidx.text._ZNK10__cxxabiv120__si_class_type_info11__do_upcastEPKNS_17__class_type_infoEPKvRNS1_15__upcast_resultE
                0x080066d8        0x8 /usr/lib/gcc/arm-none-eabi/13.2.0/../../../../arm-none-eabi/lib/thumb/v7e-m+fp/hard/libstdc++.a(si_class_type_info.o)
 .ARM.exidx.text._ZNSt9type_infoD2Ev
                0x080066e0        0x8 /usr/lib/gcc/arm-none-eabi/13.2.0/../../../../arm-none-eabi/lib/thumb/v7e-m+fp/hard/libstdc++.a(tinfo.o)
 .ARM.exidx.text._ZNKSt9type_info14__is_pointer_pEv
                0x080066e8        0x0 /usr/lib/gcc/arm-none-eabi/13.2.0/../../../../arm-none-eabi/lib/thumb/v7e-m+fp/hard/libstdc++.a(tinfo.o)
                                  0x8 (size before relaxing)
 .ARM.exidx.text._ZNKSt9type_infoeqERKS_
                0x080066e8        0x0 /usr/lib/gcc/arm-none-eabi/13.2.0/../../../../arm-none-eabi/lib/thumb/v7e-m+fp/hard/libstdc++.a(tinfo.o)
                                  0x8 (size before relaxing)
 .ARM.exidx.text._ZdlPv
                0x080066e8        0x0 /usr/lib/gcc/arm-none-eabi/13.2.0/../../../../arm-none-eabi/lib/thumb/v7e-m+fp/hard/libstdc++.a(del_op.o)
                                  0x8 (size before relaxing)
 .ARM.exidx.text.__udivmoddi4
                0x080066e8        0x0 /usr/lib/gcc/arm-none-eabi/13.2.0/thumb/v7e-m+fp/hard/libgcc.a(_udivmoddi4.o)
                                  0x8 (size before relaxing)
 .ARM.exidx.text.selfrel_offset31
                0x080066e8        0x0 /usr/lib/gcc/arm-none-eabi/13.2.0/thumb/v7e-m+fp/hard/libgcc.a(unwind-arm.o)
                                  0x8 (size before relaxing)
 .ARM.exidx.text.search_EIT_table
                0x080066e8        0x0 /usr/lib/gcc/arm-none-eabi/13.2.0/thumb/v7e-m+fp/hard/libgcc.a(unwind-arm.o)
                                  0x8 (size before relaxing)
 .ARM.exidx.text.__gnu_unwind_get_pr_addr
                0x080066e8        0x0 /usr/lib/gcc/arm-none-eabi/13.2.0/thumb/v7e-m+fp/hard/libgcc.a(unwind-arm.o)
                                  0x8 (size before relaxing)
 .ARM.exidx.text.get_eit_entry
                0x080066e8        0x8 /usr/lib/gcc/arm-none-eabi/13.2.0/thumb/v7e-m+fp/hard/libgcc.a(unwind-arm.o)
 .ARM.exidx.text.restore_non_core_regs
                0x080066f0        0x8 /usr/lib/gcc/arm-none-eabi/13.2.0/thumb/v7e-m+fp/hard/libgcc.a(unwind-arm.o)
 .ARM.exidx.text._Unwind_decode_typeinfo_ptr.constprop.0
                0x080066f8        0x8 /usr/lib/gcc/arm-none-eabi/13.2.0/thumb/v7e-m+fp/hard/libgcc.a(unwind-arm.o)
 .ARM.exidx.text._Unwind_DebugHook
                0x08006700        0x0 /usr/lib/gcc/arm-none-eabi/13.2.0/thumb/v7e-m+fp/hard/libgcc.a(unwind-arm.o)
                                  0x8 (size before relaxing)
 .ARM.exidx.text.unwind_phase2
                0x08006700        0x8 /usr/lib/gcc/arm-none-eabi/13.2.0/thumb/v7e-m+fp/hard/libgcc.a(unwind-arm.o)
 .ARM.exidx.text.unwind_phase2_forced
                0x08006708        0x8 /usr/lib/gcc/arm-none-eabi/13.2.0/thumb/v7e-m+fp/hard/libgcc.a(unwind-arm.o)
 .ARM.exidx.text.__gnu_Unwind_RaiseException
                0x08006710        0x8 /usr/lib/gcc/arm-none-eabi/13.2.0/thumb/v7e-m+fp/hard/libgcc.a(unwind-arm.o)
 .ARM.exidx.text.__gnu_Unwind_ForcedUnwind
                0x08006718        0x8 /usr/lib/gcc/arm-none-eabi/13.2.0/thumb/v7e-m+fp/hard/libgcc.a(unwind-arm.o)
 .ARM.exidx.text.__gnu_Unwind_Resume
                0x08006720        0x8 /usr/lib/gcc/arm-none-eabi/13.2.0/thumb/v7e-m+fp/hard/libgcc.a(unwind-arm.o)
 .ARM.exidx.text.__gnu_Unwind_Resume_or_Rethrow
                0x08006728        0x8 /usr/lib/gcc/arm-none-eabi/13.2.0/thumb/v7e-m+fp/hard/libgcc.a(unwind-arm.o)
 .ARM.exidx.text._Unwind_VRS_Get
                0x08006730        0x0 /usr/lib/gcc/arm-none-eabi/13.2.0/thumb/v7e-m+fp/hard/libgcc.a(unwind-arm.o)
                                  0x8 (size before relaxing)
 .ARM.exidx.text._Unwind_GetGR
                0x08006730        0x0 /usr/lib/gcc/arm-none-eabi/13.2.0/thumb/v7e-m+fp/hard/libgcc.a(unwind-arm.o)
                                  0x8 (size before relaxing)
 .ARM.exidx.text._Unwind_VRS_Set
                0x08006730        0x0 /usr/lib/gcc/arm-none-eabi/13.2.0/thumb/v7e-m+fp/hard/libgcc.a(unwind-arm.o)
                                  0x8 (size before relaxing)
 .ARM.exidx.text._Unwind_SetGR
                0x08006730        0x0 /usr/lib/gcc/arm-none-eabi/13.2.0/thumb/v7e-m+fp/hard/libgcc.a(unwind-arm.o)
                                  0x8 (size before relaxing)
 .ARM.exidx.text.__gnu_Unwind_Backtrace
                0x08006730        0x8 /usr/lib/gcc/arm-none-eabi/13.2.0/thumb/v7e-m+fp/hard/libgcc.a(unwind-arm.o)
 .ARM.exidx.text.__gnu_unwind_pr_common
                0x08006738        0x8 /usr/lib/gcc/arm-none-eabi/13.2.0/thumb/v7e-m+fp/hard/libgcc.a(unwind-arm.o)
 .ARM.exidx.text.__aeabi_unwind_cpp_pr0
                0x08006740        0x8 /usr/lib/gcc/arm-none-eabi/13.2.0/thumb/v7e-m+fp/hard/libgcc.a(unwind-arm.o)
 .ARM.exidx.text.__aeabi_unwind_cpp_pr1
                0x08006748        0x0 /usr/lib/gcc/arm-none-eabi/13.2.0/thumb/v7e-m+fp/hard/libgcc.a(unwind-arm.o)
                                  0x8 (size before relaxing)
 .ARM.exidx.text.__aeabi_unwind_cpp_pr2
                0x08006748        0x0 /usr/lib/gcc/arm-none-eabi/13.2.0/thumb/v7e-m+fp/hard/libgcc.a(unwind-arm.o)
                                  0x8 (size before relaxing)
 .ARM.exidx.text._Unwind_VRS_Pop
                0x08006748        0x8 /usr/lib/gcc/arm-none-eabi/13.2.0/thumb/v7e-m+fp/hard/libgcc.a(unwind-arm.o)
 .ARM.exidx.text.next_unwind_byte
                0x08006750        0x8 /usr/lib/gcc/arm-none-eabi/13.2.0/thumb/v7e-m+fp/hard/libgcc.a(pr-support.o)
 .ARM.exidx.text.__gnu_unwind_execute
                0x08006758       0x10 /usr/lib/gcc/arm-none-eabi/13.2.0/thumb/v7e-m+fp/hard/libgcc.a(pr-support.o)
                                  0x8 (size before relaxing)
                0x08006768                        __exidx_end = .

.rel.dyn        0x08006768        0x0
 .rel.iplt      0x08006768        0x0 /usr/lib/gcc/arm-none-eabi/13.2.0/thumb/v7e-m+fp/hard/crtbegin.o

.preinit_array  0x08006768        0x0
                0x08006768                        PROVIDE (__preinit_array_start = .)
 *(.preinit_array*)
                0x08006768                        PROVIDE (__preinit_array_end = .)

.init_array     0x08006768        0xc
                0x08006768                        PROVIDE (__init_array_start = .)
 *(SORT_BY_NAME(.init_array.*))
 .init_array.00000
                0x08006768        0x4 /usr/lib/gcc/arm-none-eabi/13.2.0/../../../../arm-none-eabi/lib/thumb/v7e-m+fp/hard/libc.a(libc_a-__call_atexit.o)
 *(.init_array*)
 .init_array    0x0800676c        0x4 /usr/lib/gcc/arm-none-eabi/13.2.0/thumb/v7e-m+fp/hard/crtbegin.o
 .init_array    0x08006770        0x4 build/main.o
                0x08006774                        PROVIDE (__init_array_end = .)

.fini_array     0x08006774        0x4
                0x08006774                        PROVIDE (__fini_array_start = .)
 *(SORT_BY_NAME(.fini_array.*))
 *(.fini_array*)
 .fini_array    0x08006774        0x4 /usr/lib/gcc/arm-none-eabi/13.2.0/thumb/v7e-m+fp/hard/crtbegin.o
                0x08006778                        PROVIDE (__fini_array_end = .)
                0x08006778                        _sidata = LOADADDR (.data)

.data           0x20000000      0x54c load address 0x08006778
                0x20000000                        . = ALIGN (0x4)
                0x20000000                        _sdata = .
 *(.data)
 *(.data*)
 .data.SystemCoreClock
                0x20000000        0x4 build/system_stm32f4xx.o
                0x20000000                SystemCoreClock
 .data.uwTickFreq
                0x20000004        0x1 build/stm32f4xx_hal.o
                0x20000004                uwTickFreq
 *fill*         0x20000005        0x3 
 .data.uwTickPrio
                0x20000008        0x4 build/stm32f4xx_hal.o
                0x20000008                uwTickPrio
 .data.__malloc_sbrk_base
                0x2000000c        0x4 /usr/lib/gcc/arm-none-eabi/13.2.0/../../../../arm-none-eabi/lib/thumb/v7e-m+fp/hard/libc.a(libc_a-mallocr.o)
                0x2000000c                __malloc_sbrk_base
 .data.__malloc_trim_threshold
                0x20000010        0x4 /usr/lib/gcc/arm-none-eabi/13.2.0/../../../../arm-none-eabi/lib/thumb/v7e-m+fp/hard/libc.a(libc_a-mallocr.o)
                0x20000010                __malloc_trim_threshold
 *fill*         0x20000014        0x4 
 .data.__malloc_av_
                0x20000018      0x408 /usr/lib/gcc/arm-none-eabi/13.2.0/../../../../arm-none-eabi/lib/thumb/v7e-m+fp/hard/libc.a(libc_a-mallocr.o)
                0x20000018                __malloc_av_
 .data._impure_ptr
                0x20000420        0x4 /usr/lib/gcc/arm-none-eabi/13.2.0/../../../../arm-none-eabi/lib/thumb/v7e-m+fp/hard/libc.a(libc_a-impure.o)
                0x20000420                _impure_ptr
 *fill*         0x20000424        0x4 
 .data._impure_data
                0x20000428      0x120 /usr/lib/gcc/arm-none-eabi/13.2.0/../../../../arm-none-eabi/lib/thumb/v7e-m+fp/hard/libc.a(libc_a-impure.o)
                0x20000428                _impure_data
 .data.__atexit_recursive_mutex
                0x20000548        0x4 /usr/lib/gcc/arm-none-eabi/13.2.0/../../../../arm-none-eabi/lib/thumb/v7e-m+fp/hard/libc.a(libc_a-__call_atexit.o)
                0x20000548                __atexit_recursive_mutex
                0x2000054c                        . = ALIGN (0x4)
                0x2000054c                        _edata = .

.igot.plt       0x2000054c        0x0 load address 0x08006cc4
 .igot.plt      0x2000054c        0x0 /usr/lib/gcc/arm-none-eabi/13.2.0/thumb/v7e-m+fp/hard/crtbegin.o
                0x2000054c                        . = ALIGN (0x4)

.bss            0x2000054c      0x4f0 load address 0x08006cc4
                0x2000054c                        _sbss = .
                0x2000054c                        __bss_start__ = _sbss
 *(.bss)
 *(.bss*)
 .bss.completed.1
                0x2000054c        0x1 /usr/lib/gcc/arm-none-eabi/13.2.0/thumb/v7e-m+fp/hard/crtbegin.o
 *fill*         0x2000054d        0x3 
 .bss.object.0  0x20000550       0x18 /usr/lib/gcc/arm-none-eabi/13.2.0/thumb/v7e-m+fp/hard/crtbegin.o
 .bss._ZL8Handlers
                0x20000568        0x4 build/main.o
 .bss.i2sObj    0x2000056c        0xc build/main.o
                0x2000056c                i2sObj
 .bss.huart1    0x20000578       0x44 build/main.o
                0x20000578                huart1
 .bss.hspi1     0x200005bc       0x58 build/main.o
                0x200005bc                hspi1
 .bss.hrtc      0x20000614       0x20 build/main.o
                0x20000614                hrtc
 .bss.hdma_spi2_tx
                0x20000634       0x60 build/main.o
                0x20000634                hdma_spi2_tx
 .bss.hi2s2     0x20000694       0x48 build/main.o
                0x20000694                hi2s2
 .bss.hi2c1     0x200006dc       0x54 build/main.o
                0x200006dc                hi2c1
 .bss.uwTick    0x20000730        0x4 build/stm32f4xx_hal.o
                0x20000730                uwTick
 .bss.__malloc_current_mallinfo
                0x20000734       0x28 /usr/lib/gcc/arm-none-eabi/13.2.0/../../../../arm-none-eabi/lib/thumb/v7e-m+fp/hard/libc.a(libc_a-mallocr.o)
                0x20000734                __malloc_current_mallinfo
 .bss.__malloc_top_pad
                0x2000075c        0x4 /usr/lib/gcc/arm-none-eabi/13.2.0/../../../../arm-none-eabi/lib/thumb/v7e-m+fp/hard/libc.a(libc_a-mallocr.o)
                0x2000075c                __malloc_top_pad
 .bss.__sf      0x20000760      0x138 /usr/lib/gcc/arm-none-eabi/13.2.0/../../../../arm-none-eabi/lib/thumb/v7e-m+fp/hard/libc.a(libc_a-findfp.o)
                0x20000760                __sf
 .bss.errno     0x20000898        0x4 /usr/lib/gcc/arm-none-eabi/13.2.0/../../../../arm-none-eabi/lib/thumb/v7e-m+fp/hard/libc.a(libc_a-reent.o)
                0x20000898                errno
 .bss.__lock___malloc_recursive_mutex
                0x2000089c        0x1 /usr/lib/gcc/arm-none-eabi/13.2.0/../../../../arm-none-eabi/lib/thumb/v7e-m+fp/hard/libc.a(libc_a-lock.o)
                0x2000089c                __lock___malloc_recursive_mutex
 *fill*         0x2000089d        0x3 
 .bss.__lock___atexit_recursive_mutex
                0x200008a0        0x1 /usr/lib/gcc/arm-none-eabi/13.2.0/../../../../arm-none-eabi/lib/thumb/v7e-m+fp/hard/libc.a(libc_a-lock.o)
                0x200008a0                __lock___atexit_recursive_mutex
 *fill*         0x200008a1        0x3 
 .bss.__atexit0
                0x200008a4      0x190 /usr/lib/gcc/arm-none-eabi/13.2.0/../../../../arm-none-eabi/lib/thumb/v7e-m+fp/hard/libc.a(libc_a-__atexit.o)
                0x200008a4                __atexit0
 .bss.__atexit  0x20000a34        0x4 /usr/lib/gcc/arm-none-eabi/13.2.0/../../../../arm-none-eabi/lib/thumb/v7e-m+fp/hard/libc.a(libc_a-__call_atexit.o)
                0x20000a34                __atexit
 .bss.heap_end.0
                0x20000a38        0x4 /usr/lib/gcc/arm-none-eabi/13.2.0/../../../../arm-none-eabi/lib/thumb/v7e-m+fp/hard/libnosys.a(sbrk.o)
 *(COMMON)
                0x20000a3c                        . = ALIGN (0x4)
                0x20000a3c                        _ebss = .
                0x20000a3c                        __bss_end__ = _ebss

._user_heap_stack
                0x20000a3c      0x604 load address 0x08006cc4
                0x20000a40                        . = ALIGN (0x8)
 *fill*         0x20000a3c        0x4 
                0x20000a40                        PROVIDE (end = .)
                [!provide]                        PROVIDE (_end = .)
                0x20000c40                        . = (. + _Min_Heap_Size)
 *fill*         0x20000a40      0x200 
                0x20001040                        . = (. + _Min_Stack_Size)
 *fill*         0x20000c40      0x400 
                0x20001040                        . = ALIGN (0x8)

/DISCARD/
 libc.a(*)
 libm.a(*)
 libgcc.a(*)

.ARM.attributes
                0x00000000       0x30
 *(.ARM.attributes)
 .ARM.attributes
                0x00000000       0x22 /usr/lib/gcc/arm-none-eabi/13.2.0/thumb/v7e-m+fp/hard/crti.o
 .ARM.attributes
                0x00000022       0x34 /usr/lib/gcc/arm-none-eabi/13.2.0/thumb/v7e-m+fp/hard/crtbegin.o
 .ARM.attributes
                0x00000056       0x34 build/audio_test.o
 .ARM.attributes
                0x0000008a       0x34 build/main.o
 .ARM.attributes
                0x000000be       0x34 build/audio.o
 .ARM.attributes
                0x000000f2       0x34 build/concrete_interrupt_handlers.o
 .ARM.attributes
                0x00000126       0x34 build/stm32f4xx_hal_msp.o
 .ARM.attributes
                0x0000015a       0x34 build/stm32f4xx_it.o
 .ARM.attributes
                0x0000018e       0x34 build/system_stm32f4xx.o
 .ARM.attributes
                0x000001c2       0x34 build/stm32f4xx_hal.o
 .ARM.attributes
                0x000001f6       0x34 build/stm32f4xx_hal_cortex.o
 .ARM.attributes
                0x0000022a       0x34 build/stm32f4xx_hal_dma.o
 .ARM.attributes
                0x0000025e       0x34 build/stm32f4xx_hal_gpio.o
 .ARM.attributes
                0x00000292       0x34 build/stm32f4xx_hal_i2c.o
 .ARM.attributes
                0x000002c6       0x34 build/stm32f4xx_hal_i2s.o
 .ARM.attributes
                0x000002fa       0x34 build/stm32f4xx_hal_i2s_ex.o
 .ARM.attributes
                0x0000032e       0x34 build/stm32f4xx_hal_rcc.o
 .ARM.attributes
                0x00000362       0x34 build/stm32f4xx_hal_rcc_ex.o
 .ARM.attributes
                0x00000396       0x34 build/stm32f4xx_hal_rtc.o
 .ARM.attributes
                0x000003ca       0x34 build/stm32f4xx_hal_rtc_ex.o
 .ARM.attributes
                0x000003fe       0x34 build/stm32f4xx_hal_spi.o
 .ARM.attributes
                0x00000432       0x34 build/stm32f4xx_hal_uart.o
 .ARM.attributes
                0x00000466       0x21 build/startup_stm32f401xc.o
 .ARM.attributes
                0x00000487       0x34 /usr/lib/gcc/arm-none-eabi/13.2.0/../../../../arm-none-eabi/lib/thumb/v7e-m+fp/hard/libstdc++.a(class_type_info.o)
 .ARM.attributes
                0x000004bb       0x34 /usr/lib/gcc/arm-none-eabi/13.2.0/../../../../arm-none-eabi/lib/thumb/v7e-m+fp/hard/libstdc++.a(del_ops.o)
 .ARM.attributes
                0x000004ef       0x34 /usr/lib/gcc/arm-none-eabi/13.2.0/../../../../arm-none-eabi/lib/thumb/v7e-m+fp/hard/libstdc++.a(si_class_type_info.o)
 .ARM.attributes
                0x00000523       0x34 /usr/lib/gcc/arm-none-eabi/13.2.0/../../../../arm-none-eabi/lib/thumb/v7e-m+fp/hard/libstdc++.a(tinfo.o)
 .ARM.attributes
                0x00000557       0x34 /usr/lib/gcc/arm-none-eabi/13.2.0/../../../../arm-none-eabi/lib/thumb/v7e-m+fp/hard/libstdc++.a(del_op.o)
 .ARM.attributes
                0x0000058b       0x34 /usr/lib/gcc/arm-none-eabi/13.2.0/../../../../arm-none-eabi/lib/thumb/v7e-m+fp/hard/libm.a(libm_a-s_sin.o)
 .ARM.attributes
                0x000005bf       0x34 /usr/lib/gcc/arm-none-eabi/13.2.0/../../../../arm-none-eabi/lib/thumb/v7e-m+fp/hard/libm.a(libm_a-k_cos.o)
 .ARM.attributes
                0x000005f3       0x34 /usr/lib/gcc/arm-none-eabi/13.2.0/../../../../arm-none-eabi/lib/thumb/v7e-m+fp/hard/libm.a(libm_a-k_sin.o)
 .ARM.attributes
                0x00000627       0x34 /usr/lib/gcc/arm-none-eabi/13.2.0/../../../../arm-none-eabi/lib/thumb/v7e-m+fp/hard/libm.a(libm_a-e_rem_pio2.o)
 .ARM.attributes
                0x0000065b       0x34 /usr/lib/gcc/arm-none-eabi/13.2.0/../../../../arm-none-eabi/lib/thumb/v7e-m+fp/hard/libm.a(libm_a-s_fabs.o)
 .ARM.attributes
                0x0000068f       0x34 /usr/lib/gcc/arm-none-eabi/13.2.0/../../../../arm-none-eabi/lib/thumb/v7e-m+fp/hard/libm.a(libm_a-k_rem_pio2.o)
 .ARM.attributes
                0x000006c3       0x34 /usr/lib/gcc/arm-none-eabi/13.2.0/../../../../arm-none-eabi/lib/thumb/v7e-m+fp/hard/libm.a(libm_a-s_scalbn.o)
 .ARM.attributes
                0x000006f7       0x34 /usr/lib/gcc/arm-none-eabi/13.2.0/../../../../arm-none-eabi/lib/thumb/v7e-m+fp/hard/libm.a(libm_a-s_floor.o)
 .ARM.attributes
                0x0000072b       0x34 /usr/lib/gcc/arm-none-eabi/13.2.0/../../../../arm-none-eabi/lib/thumb/v7e-m+fp/hard/libc.a(libc_a-atexit.o)
 .ARM.attributes
                0x0000075f       0x34 /usr/lib/gcc/arm-none-eabi/13.2.0/../../../../arm-none-eabi/lib/thumb/v7e-m+fp/hard/libc.a(libc_a-malloc.o)
 .ARM.attributes
                0x00000793       0x34 /usr/lib/gcc/arm-none-eabi/13.2.0/../../../../arm-none-eabi/lib/thumb/v7e-m+fp/hard/libc.a(libc_a-mallocr.o)
 .ARM.attributes
                0x000007c7       0x34 /usr/lib/gcc/arm-none-eabi/13.2.0/../../../../arm-none-eabi/lib/thumb/v7e-m+fp/hard/libc.a(libc_a-mlock.o)
 .ARM.attributes
                0x000007fb       0x34 /usr/lib/gcc/arm-none-eabi/13.2.0/../../../../arm-none-eabi/lib/thumb/v7e-m+fp/hard/libc.a(libc_a-findfp.o)
 .ARM.attributes
                0x0000082f       0x34 /usr/lib/gcc/arm-none-eabi/13.2.0/../../../../arm-none-eabi/lib/thumb/v7e-m+fp/hard/libc.a(libc_a-memset.o)
 .ARM.attributes
                0x00000863       0x34 /usr/lib/gcc/arm-none-eabi/13.2.0/../../../../arm-none-eabi/lib/thumb/v7e-m+fp/hard/libc.a(libc_a-reent.o)
 .ARM.attributes
                0x00000897       0x34 /usr/lib/gcc/arm-none-eabi/13.2.0/../../../../arm-none-eabi/lib/thumb/v7e-m+fp/hard/libc.a(libc_a-impure.o)
 .ARM.attributes
                0x000008cb       0x34 /usr/lib/gcc/arm-none-eabi/13.2.0/../../../../arm-none-eabi/lib/thumb/v7e-m+fp/hard/libc.a(libc_a-sbrkr.o)
 .ARM.attributes
                0x000008ff       0x34 /usr/lib/gcc/arm-none-eabi/13.2.0/../../../../arm-none-eabi/lib/thumb/v7e-m+fp/hard/libc.a(libc_a-init.o)
 .ARM.attributes
                0x00000933       0x34 /usr/lib/gcc/arm-none-eabi/13.2.0/../../../../arm-none-eabi/lib/thumb/v7e-m+fp/hard/libc.a(libc_a-fini.o)
 .ARM.attributes
                0x00000967       0x34 /usr/lib/gcc/arm-none-eabi/13.2.0/../../../../arm-none-eabi/lib/thumb/v7e-m+fp/hard/libc.a(libc_a-lock.o)
 .ARM.attributes
                0x0000099b       0x34 /usr/lib/gcc/arm-none-eabi/13.2.0/../../../../arm-none-eabi/lib/thumb/v7e-m+fp/hard/libc.a(libc_a-sysconf.o)
 .ARM.attributes
                0x000009cf       0x20 /usr/lib/gcc/arm-none-eabi/13.2.0/../../../../arm-none-eabi/lib/thumb/v7e-m+fp/hard/libc.a(libc_a-strcmp.o)
 .ARM.attributes
                0x000009ef       0x34 /usr/lib/gcc/arm-none-eabi/13.2.0/../../../../arm-none-eabi/lib/thumb/v7e-m+fp/hard/libc.a(libc_a-__atexit.o)
 .ARM.attributes
                0x00000a23       0x34 /usr/lib/gcc/arm-none-eabi/13.2.0/../../../../arm-none-eabi/lib/thumb/v7e-m+fp/hard/libc.a(libc_a-__call_atexit.o)
 .ARM.attributes
                0x00000a57       0x34 /usr/lib/gcc/arm-none-eabi/13.2.0/../../../../arm-none-eabi/lib/thumb/v7e-m+fp/hard/libc.a(libc_a-freer.o)
 .ARM.attributes
                0x00000a8b       0x34 /usr/lib/gcc/arm-none-eabi/13.2.0/../../../../arm-none-eabi/lib/thumb/v7e-m+fp/hard/libc.a(libc_a-errno.o)
 .ARM.attributes
                0x00000abf       0x22 /usr/lib/gcc/arm-none-eabi/13.2.0/thumb/v7e-m+fp/hard/libgcc.a(_arm_addsubdf3.o)
 .ARM.attributes
                0x00000ae1       0x22 /usr/lib/gcc/arm-none-eabi/13.2.0/thumb/v7e-m+fp/hard/libgcc.a(_arm_muldivdf3.o)
 .ARM.attributes
                0x00000b03       0x22 /usr/lib/gcc/arm-none-eabi/13.2.0/thumb/v7e-m+fp/hard/libgcc.a(_arm_cmpdf2.o)
 .ARM.attributes
                0x00000b25       0x22 /usr/lib/gcc/arm-none-eabi/13.2.0/thumb/v7e-m+fp/hard/libgcc.a(_arm_fixdfsi.o)
 .ARM.attributes
                0x00000b47       0x22 /usr/lib/gcc/arm-none-eabi/13.2.0/thumb/v7e-m+fp/hard/libgcc.a(_aeabi_uldivmod.o)
 .ARM.attributes
                0x00000b69       0x34 /usr/lib/gcc/arm-none-eabi/13.2.0/thumb/v7e-m+fp/hard/libgcc.a(_udivmoddi4.o)
 .ARM.attributes
                0x00000b9d       0x34 /usr/lib/gcc/arm-none-eabi/13.2.0/thumb/v7e-m+fp/hard/libgcc.a(unwind-arm.o)
 .ARM.attributes
                0x00000bd1       0x22 /usr/lib/gcc/arm-none-eabi/13.2.0/thumb/v7e-m+fp/hard/libgcc.a(libunwind.o)
 .ARM.attributes
                0x00000bf3       0x34 /usr/lib/gcc/arm-none-eabi/13.2.0/thumb/v7e-m+fp/hard/libgcc.a(pr-support.o)
 .ARM.attributes
                0x00000c27       0x22 /usr/lib/gcc/arm-none-eabi/13.2.0/thumb/v7e-m+fp/hard/libgcc.a(_dvmd_tls.o)
 .ARM.attributes
                0x00000c49       0x34 /usr/lib/gcc/arm-none-eabi/13.2.0/../../../../arm-none-eabi/lib/thumb/v7e-m+fp/hard/libc.a(libc_a-abort.o)
 .ARM.attributes
                0x00000c7d       0x34 /usr/lib/gcc/arm-none-eabi/13.2.0/../../../../arm-none-eabi/lib/thumb/v7e-m+fp/hard/libc.a(libc_a-signal.o)
 .ARM.attributes
                0x00000cb1       0x34 /usr/lib/gcc/arm-none-eabi/13.2.0/../../../../arm-none-eabi/lib/thumb/v7e-m+fp/hard/libc.a(libc_a-signalr.o)
 .ARM.attributes
                0x00000ce5       0x20 /usr/lib/gcc/arm-none-eabi/13.2.0/../../../../arm-none-eabi/lib/thumb/v7e-m+fp/hard/libc.a(libc_a-memcpy.o)
 .ARM.attributes
                0x00000d05       0x34 /usr/lib/gcc/arm-none-eabi/13.2.0/../../../../arm-none-eabi/lib/thumb/v7e-m+fp/hard/libnosys.a(getpid.o)
 .ARM.attributes
                0x00000d39       0x34 /usr/lib/gcc/arm-none-eabi/13.2.0/../../../../arm-none-eabi/lib/thumb/v7e-m+fp/hard/libnosys.a(kill.o)
 .ARM.attributes
                0x00000d6d       0x34 /usr/lib/gcc/arm-none-eabi/13.2.0/../../../../arm-none-eabi/lib/thumb/v7e-m+fp/hard/libnosys.a(sbrk.o)
 .ARM.attributes
                0x00000da1       0x34 /usr/lib/gcc/arm-none-eabi/13.2.0/../../../../arm-none-eabi/lib/thumb/v7e-m+fp/hard/libnosys.a(_exit.o)
 .ARM.attributes
                0x00000dd5       0x22 /usr/lib/gcc/arm-none-eabi/13.2.0/thumb/v7e-m+fp/hard/crtn.o
OUTPUT(build/ElephantR9.elf elf32-littlearm)
LOAD linker stubs
LOAD /usr/lib/gcc/arm-none-eabi/13.2.0/../../../../arm-none-eabi/lib/thumb/v7e-m+fp/hard/libc.a
LOAD /usr/lib/gcc/arm-none-eabi/13.2.0/../../../../arm-none-eabi/lib/thumb/v7e-m+fp/hard/libm.a
LOAD /usr/lib/gcc/arm-none-eabi/13.2.0/thumb/v7e-m+fp/hard/libgcc.a

.debug_info     0x00000000    0x26ab5
 .debug_info    0x00000000     0x2425 build/audio_test.o
 .debug_info    0x00002425     0x209f build/main.o
 .debug_info    0x000044c4     0x11b9 build/audio.o
 .debug_info    0x0000567d      0xa5c build/concrete_interrupt_handlers.o
 .debug_info    0x000060d9     0x1a1b build/stm32f4xx_hal_msp.o
 .debug_info    0x00007af4      0x716 build/stm32f4xx_it.o
 .debug_info    0x0000820a      0x553 build/system_stm32f4xx.o
 .debug_info    0x0000875d      0x959 build/stm32f4xx_hal.o
 .debug_info    0x000090b6      0xf13 build/stm32f4xx_hal_cortex.o
 .debug_info    0x00009fc9      0xad8 build/stm32f4xx_hal_dma.o
 .debug_info    0x0000aaa1      0x73a build/stm32f4xx_hal_gpio.o
 .debug_info    0x0000b1db     0x37d9 build/stm32f4xx_hal_i2c.o
 .debug_info    0x0000e9b4     0x114d build/stm32f4xx_hal_i2s.o
 .debug_info    0x0000fb01      0xdc6 build/stm32f4xx_hal_i2s_ex.o
 .debug_info    0x000108c7      0xab1 build/stm32f4xx_hal_rcc.o
 .debug_info    0x00011378      0x68f build/stm32f4xx_hal_rcc_ex.o
 .debug_info    0x00011a07      0xfe5 build/stm32f4xx_hal_rtc.o
 .debug_info    0x000129ec     0x1166 build/stm32f4xx_hal_rtc_ex.o
 .debug_info    0x00013b52     0x1db7 build/stm32f4xx_hal_spi.o
 .debug_info    0x00015909     0x411d build/stm32f4xx_hal_uart.o
 .debug_info    0x00019a26       0x30 build/startup_stm32f401xc.o
 .debug_info    0x00019a56      0xc51 /usr/lib/gcc/arm-none-eabi/13.2.0/../../../../arm-none-eabi/lib/thumb/v7e-m+fp/hard/libstdc++.a(class_type_info.o)
 .debug_info    0x0001a6a7       0xaf /usr/lib/gcc/arm-none-eabi/13.2.0/../../../../arm-none-eabi/lib/thumb/v7e-m+fp/hard/libstdc++.a(del_ops.o)
 .debug_info    0x0001a756      0xa18 /usr/lib/gcc/arm-none-eabi/13.2.0/../../../../arm-none-eabi/lib/thumb/v7e-m+fp/hard/libstdc++.a(si_class_type_info.o)
 .debug_info    0x0001b16e      0x91a /usr/lib/gcc/arm-none-eabi/13.2.0/../../../../arm-none-eabi/lib/thumb/v7e-m+fp/hard/libstdc++.a(tinfo.o)
 .debug_info    0x0001ba88      0x5b8 /usr/lib/gcc/arm-none-eabi/13.2.0/../../../../arm-none-eabi/lib/thumb/v7e-m+fp/hard/libstdc++.a(del_op.o)
 .debug_info    0x0001c040      0x118 /usr/lib/gcc/arm-none-eabi/13.2.0/../../../../arm-none-eabi/lib/thumb/v7e-m+fp/hard/libc.a(libc_a-atexit.o)
 .debug_info    0x0001c158      0x7b2 /usr/lib/gcc/arm-none-eabi/13.2.0/../../../../arm-none-eabi/lib/thumb/v7e-m+fp/hard/libc.a(libc_a-malloc.o)
 .debug_info    0x0001c90a      0xce6 /usr/lib/gcc/arm-none-eabi/13.2.0/../../../../arm-none-eabi/lib/thumb/v7e-m+fp/hard/libc.a(libc_a-mallocr.o)
 .debug_info    0x0001d5f0      0x789 /usr/lib/gcc/arm-none-eabi/13.2.0/../../../../arm-none-eabi/lib/thumb/v7e-m+fp/hard/libc.a(libc_a-mlock.o)
 .debug_info    0x0001dd79     0x10da /usr/lib/gcc/arm-none-eabi/13.2.0/../../../../arm-none-eabi/lib/thumb/v7e-m+fp/hard/libc.a(libc_a-findfp.o)
 .debug_info    0x0001ee53      0x135 /usr/lib/gcc/arm-none-eabi/13.2.0/../../../../arm-none-eabi/lib/thumb/v7e-m+fp/hard/libc.a(libc_a-memset.o)
 .debug_info    0x0001ef88      0x7ef /usr/lib/gcc/arm-none-eabi/13.2.0/../../../../arm-none-eabi/lib/thumb/v7e-m+fp/hard/libc.a(libc_a-reent.o)
 .debug_info    0x0001f777      0x733 /usr/lib/gcc/arm-none-eabi/13.2.0/../../../../arm-none-eabi/lib/thumb/v7e-m+fp/hard/libc.a(libc_a-impure.o)
 .debug_info    0x0001feaa      0x79a /usr/lib/gcc/arm-none-eabi/13.2.0/../../../../arm-none-eabi/lib/thumb/v7e-m+fp/hard/libc.a(libc_a-sbrkr.o)
 .debug_info    0x00020644      0x10b /usr/lib/gcc/arm-none-eabi/13.2.0/../../../../arm-none-eabi/lib/thumb/v7e-m+fp/hard/libc.a(libc_a-init.o)
 .debug_info    0x0002074f       0xf7 /usr/lib/gcc/arm-none-eabi/13.2.0/../../../../arm-none-eabi/lib/thumb/v7e-m+fp/hard/libc.a(libc_a-fini.o)
 .debug_info    0x00020846      0x20a /usr/lib/gcc/arm-none-eabi/13.2.0/../../../../arm-none-eabi/lib/thumb/v7e-m+fp/hard/libc.a(libc_a-lock.o)
 .debug_info    0x00020a50       0xc1 /usr/lib/gcc/arm-none-eabi/13.2.0/../../../../arm-none-eabi/lib/thumb/v7e-m+fp/hard/libc.a(libc_a-sysconf.o)
 .debug_info    0x00020b11       0x31 /usr/lib/gcc/arm-none-eabi/13.2.0/../../../../arm-none-eabi/lib/thumb/v7e-m+fp/hard/libc.a(libc_a-strcmp.o)
 .debug_info    0x00020b42      0x25f /usr/lib/gcc/arm-none-eabi/13.2.0/../../../../arm-none-eabi/lib/thumb/v7e-m+fp/hard/libc.a(libc_a-__atexit.o)
 .debug_info    0x00020da1      0x2dd /usr/lib/gcc/arm-none-eabi/13.2.0/../../../../arm-none-eabi/lib/thumb/v7e-m+fp/hard/libc.a(libc_a-__call_atexit.o)
 .debug_info    0x0002107e      0xb53 /usr/lib/gcc/arm-none-eabi/13.2.0/../../../../arm-none-eabi/lib/thumb/v7e-m+fp/hard/libc.a(libc_a-freer.o)
 .debug_info    0x00021bd1      0x719 /usr/lib/gcc/arm-none-eabi/13.2.0/../../../../arm-none-eabi/lib/thumb/v7e-m+fp/hard/libc.a(libc_a-errno.o)
 .debug_info    0x000222ea       0xd3 /usr/lib/gcc/arm-none-eabi/13.2.0/thumb/v7e-m+fp/hard/libgcc.a(_arm_addsubdf3.o)
 .debug_info    0x000223bd       0x57 /usr/lib/gcc/arm-none-eabi/13.2.0/thumb/v7e-m+fp/hard/libgcc.a(_arm_muldivdf3.o)
 .debug_info    0x00022414       0xdf /usr/lib/gcc/arm-none-eabi/13.2.0/thumb/v7e-m+fp/hard/libgcc.a(_arm_cmpdf2.o)
 .debug_info    0x000224f3       0x3c /usr/lib/gcc/arm-none-eabi/13.2.0/thumb/v7e-m+fp/hard/libgcc.a(_arm_fixdfsi.o)
 .debug_info    0x0002252f       0x24 /usr/lib/gcc/arm-none-eabi/13.2.0/thumb/v7e-m+fp/hard/libgcc.a(_aeabi_uldivmod.o)
 .debug_info    0x00022553      0x703 /usr/lib/gcc/arm-none-eabi/13.2.0/thumb/v7e-m+fp/hard/libgcc.a(_udivmoddi4.o)
 .debug_info    0x00022c56     0x1eb9 /usr/lib/gcc/arm-none-eabi/13.2.0/thumb/v7e-m+fp/hard/libgcc.a(unwind-arm.o)
 .debug_info    0x00024b0f       0xb7 /usr/lib/gcc/arm-none-eabi/13.2.0/thumb/v7e-m+fp/hard/libgcc.a(libunwind.o)
 .debug_info    0x00024bc6      0x960 /usr/lib/gcc/arm-none-eabi/13.2.0/thumb/v7e-m+fp/hard/libgcc.a(pr-support.o)
 .debug_info    0x00025526       0x3c /usr/lib/gcc/arm-none-eabi/13.2.0/thumb/v7e-m+fp/hard/libgcc.a(_dvmd_tls.o)
 .debug_info    0x00025562       0xd8 /usr/lib/gcc/arm-none-eabi/13.2.0/../../../../arm-none-eabi/lib/thumb/v7e-m+fp/hard/libc.a(libc_a-abort.o)
 .debug_info    0x0002563a      0xc4f /usr/lib/gcc/arm-none-eabi/13.2.0/../../../../arm-none-eabi/lib/thumb/v7e-m+fp/hard/libc.a(libc_a-signal.o)
 .debug_info    0x00026289      0x7fb /usr/lib/gcc/arm-none-eabi/13.2.0/../../../../arm-none-eabi/lib/thumb/v7e-m+fp/hard/libc.a(libc_a-signalr.o)
 .debug_info    0x00026a84       0x31 /usr/lib/gcc/arm-none-eabi/13.2.0/../../../../arm-none-eabi/lib/thumb/v7e-m+fp/hard/libc.a(libc_a-memcpy.o)

.debug_abbrev   0x00000000     0x736f
 .debug_abbrev  0x00000000      0x4c7 build/audio_test.o
 .debug_abbrev  0x000004c7      0x41a build/main.o
 .debug_abbrev  0x000008e1      0x3e5 build/audio.o
 .debug_abbrev  0x00000cc6      0x2e1 build/concrete_interrupt_handlers.o
 .debug_abbrev  0x00000fa7      0x26f build/stm32f4xx_hal_msp.o
 .debug_abbrev  0x00001216      0x187 build/stm32f4xx_it.o
 .debug_abbrev  0x0000139d      0x11e build/system_stm32f4xx.o
 .debug_abbrev  0x000014bb      0x277 build/stm32f4xx_hal.o
 .debug_abbrev  0x00001732      0x39b build/stm32f4xx_hal_cortex.o
 .debug_abbrev  0x00001acd      0x27d build/stm32f4xx_hal_dma.o
 .debug_abbrev  0x00001d4a      0x201 build/stm32f4xx_hal_gpio.o
 .debug_abbrev  0x00001f4b      0x2d2 build/stm32f4xx_hal_i2c.o
 .debug_abbrev  0x0000221d      0x282 build/stm32f4xx_hal_i2s.o
 .debug_abbrev  0x0000249f      0x2b7 build/stm32f4xx_hal_i2s_ex.o
 .debug_abbrev  0x00002756      0x2c5 build/stm32f4xx_hal_rcc.o
 .debug_abbrev  0x00002a1b      0x1c3 build/stm32f4xx_hal_rcc_ex.o
 .debug_abbrev  0x00002bde      0x228 build/stm32f4xx_hal_rtc.o
 .debug_abbrev  0x00002e06      0x230 build/stm32f4xx_hal_rtc_ex.o
 .debug_abbrev  0x00003036      0x278 build/stm32f4xx_hal_spi.o
 .debug_abbrev  0x000032ae      0x33c build/stm32f4xx_hal_uart.o
 .debug_abbrev  0x000035ea       0x24 build/startup_stm32f401xc.o
 .debug_abbrev  0x0000360e      0x510 /usr/lib/gcc/arm-none-eabi/13.2.0/../../../../arm-none-eabi/lib/thumb/v7e-m+fp/hard/libstdc++.a(class_type_info.o)
 .debug_abbrev  0x00003b1e       0xac /usr/lib/gcc/arm-none-eabi/13.2.0/../../../../arm-none-eabi/lib/thumb/v7e-m+fp/hard/libstdc++.a(del_ops.o)
 .debug_abbrev  0x00003bca      0x463 /usr/lib/gcc/arm-none-eabi/13.2.0/../../../../arm-none-eabi/lib/thumb/v7e-m+fp/hard/libstdc++.a(si_class_type_info.o)
 .debug_abbrev  0x0000402d      0x412 /usr/lib/gcc/arm-none-eabi/13.2.0/../../../../arm-none-eabi/lib/thumb/v7e-m+fp/hard/libstdc++.a(tinfo.o)
 .debug_abbrev  0x0000443f      0x1a3 /usr/lib/gcc/arm-none-eabi/13.2.0/../../../../arm-none-eabi/lib/thumb/v7e-m+fp/hard/libstdc++.a(del_op.o)
 .debug_abbrev  0x000045e2       0xc1 /usr/lib/gcc/arm-none-eabi/13.2.0/../../../../arm-none-eabi/lib/thumb/v7e-m+fp/hard/libc.a(libc_a-atexit.o)
 .debug_abbrev  0x000046a3      0x20b /usr/lib/gcc/arm-none-eabi/13.2.0/../../../../arm-none-eabi/lib/thumb/v7e-m+fp/hard/libc.a(libc_a-malloc.o)
 .debug_abbrev  0x000048ae      0x2d7 /usr/lib/gcc/arm-none-eabi/13.2.0/../../../../arm-none-eabi/lib/thumb/v7e-m+fp/hard/libc.a(libc_a-mallocr.o)
 .debug_abbrev  0x00004b85      0x1fb /usr/lib/gcc/arm-none-eabi/13.2.0/../../../../arm-none-eabi/lib/thumb/v7e-m+fp/hard/libc.a(libc_a-mlock.o)
 .debug_abbrev  0x00004d80      0x484 /usr/lib/gcc/arm-none-eabi/13.2.0/../../../../arm-none-eabi/lib/thumb/v7e-m+fp/hard/libc.a(libc_a-findfp.o)
 .debug_abbrev  0x00005204       0xb7 /usr/lib/gcc/arm-none-eabi/13.2.0/../../../../arm-none-eabi/lib/thumb/v7e-m+fp/hard/libc.a(libc_a-memset.o)
 .debug_abbrev  0x000052bb      0x22b /usr/lib/gcc/arm-none-eabi/13.2.0/../../../../arm-none-eabi/lib/thumb/v7e-m+fp/hard/libc.a(libc_a-reent.o)
 .debug_abbrev  0x000054e6      0x185 /usr/lib/gcc/arm-none-eabi/13.2.0/../../../../arm-none-eabi/lib/thumb/v7e-m+fp/hard/libc.a(libc_a-impure.o)
 .debug_abbrev  0x0000566b      0x216 /usr/lib/gcc/arm-none-eabi/13.2.0/../../../../arm-none-eabi/lib/thumb/v7e-m+fp/hard/libc.a(libc_a-sbrkr.o)
 .debug_abbrev  0x00005881       0xc9 /usr/lib/gcc/arm-none-eabi/13.2.0/../../../../arm-none-eabi/lib/thumb/v7e-m+fp/hard/libc.a(libc_a-init.o)
 .debug_abbrev  0x0000594a       0xcc /usr/lib/gcc/arm-none-eabi/13.2.0/../../../../arm-none-eabi/lib/thumb/v7e-m+fp/hard/libc.a(libc_a-fini.o)
 .debug_abbrev  0x00005a16      0x115 /usr/lib/gcc/arm-none-eabi/13.2.0/../../../../arm-none-eabi/lib/thumb/v7e-m+fp/hard/libc.a(libc_a-lock.o)
 .debug_abbrev  0x00005b2b       0x80 /usr/lib/gcc/arm-none-eabi/13.2.0/../../../../arm-none-eabi/lib/thumb/v7e-m+fp/hard/libc.a(libc_a-sysconf.o)
 .debug_abbrev  0x00005bab       0x21 /usr/lib/gcc/arm-none-eabi/13.2.0/../../../../arm-none-eabi/lib/thumb/v7e-m+fp/hard/libc.a(libc_a-strcmp.o)
 .debug_abbrev  0x00005bcc      0x189 /usr/lib/gcc/arm-none-eabi/13.2.0/../../../../arm-none-eabi/lib/thumb/v7e-m+fp/hard/libc.a(libc_a-__atexit.o)
 .debug_abbrev  0x00005d55      0x20c /usr/lib/gcc/arm-none-eabi/13.2.0/../../../../arm-none-eabi/lib/thumb/v7e-m+fp/hard/libc.a(libc_a-__call_atexit.o)
 .debug_abbrev  0x00005f61      0x27f /usr/lib/gcc/arm-none-eabi/13.2.0/../../../../arm-none-eabi/lib/thumb/v7e-m+fp/hard/libc.a(libc_a-freer.o)
 .debug_abbrev  0x000061e0      0x19a /usr/lib/gcc/arm-none-eabi/13.2.0/../../../../arm-none-eabi/lib/thumb/v7e-m+fp/hard/libc.a(libc_a-errno.o)
 .debug_abbrev  0x0000637a       0x28 /usr/lib/gcc/arm-none-eabi/13.2.0/thumb/v7e-m+fp/hard/libgcc.a(_arm_addsubdf3.o)
 .debug_abbrev  0x000063a2       0x28 /usr/lib/gcc/arm-none-eabi/13.2.0/thumb/v7e-m+fp/hard/libgcc.a(_arm_muldivdf3.o)
 .debug_abbrev  0x000063ca       0x28 /usr/lib/gcc/arm-none-eabi/13.2.0/thumb/v7e-m+fp/hard/libgcc.a(_arm_cmpdf2.o)
 .debug_abbrev  0x000063f2       0x28 /usr/lib/gcc/arm-none-eabi/13.2.0/thumb/v7e-m+fp/hard/libgcc.a(_arm_fixdfsi.o)
 .debug_abbrev  0x0000641a       0x14 /usr/lib/gcc/arm-none-eabi/13.2.0/thumb/v7e-m+fp/hard/libgcc.a(_aeabi_uldivmod.o)
 .debug_abbrev  0x0000642e      0x16a /usr/lib/gcc/arm-none-eabi/13.2.0/thumb/v7e-m+fp/hard/libgcc.a(_udivmoddi4.o)
 .debug_abbrev  0x00006598      0x493 /usr/lib/gcc/arm-none-eabi/13.2.0/thumb/v7e-m+fp/hard/libgcc.a(unwind-arm.o)
 .debug_abbrev  0x00006a2b       0x28 /usr/lib/gcc/arm-none-eabi/13.2.0/thumb/v7e-m+fp/hard/libgcc.a(libunwind.o)
 .debug_abbrev  0x00006a53      0x2f0 /usr/lib/gcc/arm-none-eabi/13.2.0/thumb/v7e-m+fp/hard/libgcc.a(pr-support.o)
 .debug_abbrev  0x00006d43       0x26 /usr/lib/gcc/arm-none-eabi/13.2.0/thumb/v7e-m+fp/hard/libgcc.a(_dvmd_tls.o)
 .debug_abbrev  0x00006d69       0x99 /usr/lib/gcc/arm-none-eabi/13.2.0/../../../../arm-none-eabi/lib/thumb/v7e-m+fp/hard/libc.a(libc_a-abort.o)
 .debug_abbrev  0x00006e02      0x313 /usr/lib/gcc/arm-none-eabi/13.2.0/../../../../arm-none-eabi/lib/thumb/v7e-m+fp/hard/libc.a(libc_a-signal.o)
 .debug_abbrev  0x00007115      0x239 /usr/lib/gcc/arm-none-eabi/13.2.0/../../../../arm-none-eabi/lib/thumb/v7e-m+fp/hard/libc.a(libc_a-signalr.o)
 .debug_abbrev  0x0000734e       0x21 /usr/lib/gcc/arm-none-eabi/13.2.0/../../../../arm-none-eabi/lib/thumb/v7e-m+fp/hard/libc.a(libc_a-memcpy.o)

.debug_loclists
                0x00000000    0x113d7
 .debug_loclists
                0x00000000       0xfd build/audio_test.o
 .debug_loclists
                0x000000fd       0x29 build/main.o
 .debug_loclists
                0x00000126       0x89 build/audio.o
 .debug_loclists
                0x000001af       0x3f build/concrete_interrupt_handlers.o
 .debug_loclists
                0x000001ee      0x1e5 build/stm32f4xx_hal_msp.o
 .debug_loclists
                0x000003d3       0xfa build/system_stm32f4xx.o
 .debug_loclists
                0x000004cd       0xe1 build/stm32f4xx_hal.o
 .debug_loclists
                0x000005ae      0x54d build/stm32f4xx_hal_cortex.o
 .debug_loclists
                0x00000afb      0x88a build/stm32f4xx_hal_dma.o